#-----------------------------------------------------------
# Vivado v2025.1 (64-bit)
# SW Build 6140274 on Thu May 22 00:12:29 MDT 2025
# IP Build 6138677 on Thu May 22 03:10:11 MDT 2025
# SharedData Build 6139179 on Tue May 20 17:58:58 MDT 2025
# Start of session at: Wed Dec 24 20:01:37 2025
# Process ID         : 28560
# Current directory  : C:/Users/priya/MTTS-Signal-Processing-TS-LINK/ofdm_transmitter_hdl/ofdm_transmitter.runs/fft_ip_synth_1
# Command line       : vivado.exe -log fft_ip.vds -product Vivado -mode batch -messageDb vivado.pb -notrace -source fft_ip.tcl
# Log file           : C:/Users/priya/MTTS-Signal-Processing-TS-LINK/ofdm_transmitter_hdl/ofdm_transmitter.runs/fft_ip_synth_1/fft_ip.vds
# Journal file       : C:/Users/priya/MTTS-Signal-Processing-TS-LINK/ofdm_transmitter_hdl/ofdm_transmitter.runs/fft_ip_synth_1\vivado.jou
# Running On         : Laptop15
# Platform           : Windows Server 2016 or Windows 10
# Operating System   : 26100
# Processor Detail   : AMD Ryzen 7 PRO 7840U w/ Radeon 780M Graphics  
# CPU Frequency      : 3294 MHz
# CPU Physical cores : 8
# CPU Logical cores  : 16
# Host memory        : 32926 MB
# Swap memory        : 2080 MB
# Total Virtual      : 35007 MB
# Available Virtual  : 10171 MB
#-----------------------------------------------------------
source fft_ip.tcl -notrace
