INFO: [VRFC 10-2263] Analyzing Verilog file "C:/Users/priya/MTTS-Signal-Processing-TS-LINK/ofdm_transmitter_hdl/ofdm_transmitter.sim/sim_1/synth/func/xsim/tb_top_func_synth.v" into library xil_defaultlib
INFO: [VRFC 10-311] analyzing module counter
INFO: [VRFC 10-311] analyzing module counter__parameterized0
INFO: [VRFC 10-311] analyzing module fft_ip
INFO: [VRFC 10-311] analyzing module fft_ip_wrapper
INFO: [VRFC 10-311] analyzing module fft_ip_xfft_0_0
INFO: [VRFC 10-311] analyzing module mapping
INFO: [VRFC 10-311] analyzing module message_bram
INFO: [VRFC 10-311] analyzing module message_rom
INFO: [VRFC 10-311] analyzing module sym1_bram
INFO: [VRFC 10-311] analyzing module sym1_rom
INFO: [VRFC 10-311] analyzing module sym2_bram
INFO: [VRFC 10-311] analyzing module sym2_rom
INFO: [VRFC 10-311] analyzing module top
INFO: [VRFC 10-311] analyzing module fft_ip_xfft_v9_1_14
INFO: [VRFC 10-311] analyzing module fft_ip_adder
INFO: [VRFC 10-311] analyzing module fft_ip_adder__parameterized0
INFO: [VRFC 10-311] analyzing module fft_ip_adder__parameterized0_104
INFO: [VRFC 10-311] analyzing module fft_ip_adder__parameterized0_105
INFO: [VRFC 10-311] analyzing module fft_ip_adder__parameterized0_40
INFO: [VRFC 10-311] analyzing module fft_ip_adder__parameterized0_41
INFO: [VRFC 10-311] analyzing module fft_ip_adder__parameterized0_8
INFO: [VRFC 10-311] analyzing module fft_ip_adder__parameterized1
INFO: [VRFC 10-311] analyzing module fft_ip_adder__parameterized2
INFO: [VRFC 10-311] analyzing module fft_ip_adder__parameterized2_22
INFO: [VRFC 10-311] analyzing module fft_ip_adder__parameterized2_74
INFO: [VRFC 10-311] analyzing module fft_ip_adder__parameterized2_75
INFO: [VRFC 10-311] analyzing module fft_ip_adder__parameterized3
INFO: [VRFC 10-311] analyzing module fft_ip_adder_bypass
INFO: [VRFC 10-311] analyzing module fft_ip_adder_bypass_168
INFO: [VRFC 10-311] analyzing module fft_ip_adder_bypass_259
INFO: [VRFC 10-311] analyzing module fft_ip_adder_bypass_260
INFO: [VRFC 10-311] analyzing module fft_ip_adder_bypass__parameterized0
INFO: [VRFC 10-311] analyzing module fft_ip_adder_bypass__parameterized0_203
INFO: [VRFC 10-311] analyzing module fft_ip_arith_shift3
INFO: [VRFC 10-311] analyzing module fft_ip_arith_shift3_186
INFO: [VRFC 10-311] analyzing module fft_ip_arith_shift3_187
INFO: [VRFC 10-311] analyzing module fft_ip_arith_shift3_34
INFO: [VRFC 10-311] analyzing module fft_ip_arith_shift3_96
INFO: [VRFC 10-311] analyzing module fft_ip_arith_shift3_97
INFO: [VRFC 10-311] analyzing module fft_ip_arith_shift3__parameterized0
INFO: [VRFC 10-311] analyzing module fft_ip_arith_shift3__parameterized0_6
INFO: [VRFC 10-311] analyzing module fft_ip_axi_wrapper
INFO: [VRFC 10-311] analyzing module fft_ip_axi_wrapper_input_fifo
INFO: [VRFC 10-311] analyzing module fft_ip_axi_wrapper_input_fifo__parameterized0
INFO: [VRFC 10-311] analyzing module fft_ip_axi_wrapper_output_fifo
INFO: [VRFC 10-311] analyzing module fft_ip_axi_wrapper_output_fifo__parameterized0
INFO: [VRFC 10-311] analyzing module fft_ip_c_shift_ram_v12_0_19_legacy
INFO: [VRFC 10-311] analyzing module fft_ip_c_shift_ram_v12_0_19_legacy__1
INFO: [VRFC 10-311] analyzing module fft_ip_c_shift_ram_v12_0_19_legacy__2
INFO: [VRFC 10-311] analyzing module fft_ip_c_shift_ram_v12_0_19_legacy__3
INFO: [VRFC 10-311] analyzing module fft_ip_c_shift_ram_v12_0_19_legacy__4
INFO: [VRFC 10-311] analyzing module fft_ip_c_shift_ram_v12_0_19_legacy__5
INFO: [VRFC 10-311] analyzing module fft_ip_c_shift_ram_v12_0_19_legacy__parameterized0
INFO: [VRFC 10-311] analyzing module fft_ip_c_shift_ram_v12_0_19_legacy__parameterized0__1
INFO: [VRFC 10-311] analyzing module fft_ip_c_shift_ram_v12_0_19_legacy__parameterized0__2
INFO: [VRFC 10-311] analyzing module fft_ip_c_shift_ram_v12_0_19_legacy__parameterized0__3
INFO: [VRFC 10-311] analyzing module fft_ip_c_shift_ram_v12_0_19_legacy__parameterized0__4
INFO: [VRFC 10-311] analyzing module fft_ip_c_shift_ram_v12_0_19_legacy__parameterized1
INFO: [VRFC 10-311] analyzing module fft_ip_c_shift_ram_v12_0_19_legacy__parameterized10
INFO: [VRFC 10-311] analyzing module fft_ip_c_shift_ram_v12_0_19_legacy__parameterized11
INFO: [VRFC 10-311] analyzing module fft_ip_c_shift_ram_v12_0_19_legacy__parameterized11__1
INFO: [VRFC 10-311] analyzing module fft_ip_c_shift_ram_v12_0_19_legacy__parameterized12
INFO: [VRFC 10-311] analyzing module fft_ip_c_shift_ram_v12_0_19_legacy__parameterized13
INFO: [VRFC 10-311] analyzing module fft_ip_c_shift_ram_v12_0_19_legacy__parameterized15
INFO: [VRFC 10-311] analyzing module fft_ip_c_shift_ram_v12_0_19_legacy__parameterized16
INFO: [VRFC 10-311] analyzing module fft_ip_c_shift_ram_v12_0_19_legacy__parameterized17
INFO: [VRFC 10-311] analyzing module fft_ip_c_shift_ram_v12_0_19_legacy__parameterized18
INFO: [VRFC 10-311] analyzing module fft_ip_c_shift_ram_v12_0_19_legacy__parameterized18__1
INFO: [VRFC 10-311] analyzing module fft_ip_c_shift_ram_v12_0_19_legacy__parameterized19
INFO: [VRFC 10-311] analyzing module fft_ip_c_shift_ram_v12_0_19_legacy__parameterized2
INFO: [VRFC 10-311] analyzing module fft_ip_c_shift_ram_v12_0_19_legacy__parameterized20
INFO: [VRFC 10-311] analyzing module fft_ip_c_shift_ram_v12_0_19_legacy__parameterized21
INFO: [VRFC 10-311] analyzing module fft_ip_c_shift_ram_v12_0_19_legacy__parameterized22
INFO: [VRFC 10-311] analyzing module fft_ip_c_shift_ram_v12_0_19_legacy__parameterized22__1
INFO: [VRFC 10-311] analyzing module fft_ip_c_shift_ram_v12_0_19_legacy__parameterized23
INFO: [VRFC 10-311] analyzing module fft_ip_c_shift_ram_v12_0_19_legacy__parameterized24
INFO: [VRFC 10-311] analyzing module fft_ip_c_shift_ram_v12_0_19_legacy__parameterized25
INFO: [VRFC 10-311] analyzing module fft_ip_c_shift_ram_v12_0_19_legacy__parameterized27
INFO: [VRFC 10-311] analyzing module fft_ip_c_shift_ram_v12_0_19_legacy__parameterized28
INFO: [VRFC 10-311] analyzing module fft_ip_c_shift_ram_v12_0_19_legacy__parameterized29
INFO: [VRFC 10-311] analyzing module fft_ip_c_shift_ram_v12_0_19_legacy__parameterized2__1
INFO: [VRFC 10-311] analyzing module fft_ip_c_shift_ram_v12_0_19_legacy__parameterized3
INFO: [VRFC 10-311] analyzing module fft_ip_c_shift_ram_v12_0_19_legacy__parameterized30
INFO: [VRFC 10-311] analyzing module fft_ip_c_shift_ram_v12_0_19_legacy__parameterized30__1
INFO: [VRFC 10-311] analyzing module fft_ip_c_shift_ram_v12_0_19_legacy__parameterized31
INFO: [VRFC 10-311] analyzing module fft_ip_c_shift_ram_v12_0_19_legacy__parameterized32
INFO: [VRFC 10-311] analyzing module fft_ip_c_shift_ram_v12_0_19_legacy__parameterized4
INFO: [VRFC 10-311] analyzing module fft_ip_c_shift_ram_v12_0_19_legacy__parameterized6
INFO: [VRFC 10-311] analyzing module fft_ip_c_shift_ram_v12_0_19_legacy__parameterized7
INFO: [VRFC 10-311] analyzing module fft_ip_c_shift_ram_v12_0_19_legacy__parameterized8
INFO: [VRFC 10-311] analyzing module fft_ip_c_shift_ram_v12_0_19_legacy__parameterized9
INFO: [VRFC 10-311] analyzing module fft_ip_c_shift_ram_v12_0_19_legacy__parameterized9__1
INFO: [VRFC 10-311] analyzing module fft_ip_c_shift_ram_v12_0_19_legacy__parameterized9__10
INFO: [VRFC 10-311] analyzing module fft_ip_c_shift_ram_v12_0_19_legacy__parameterized9__11
INFO: [VRFC 10-311] analyzing module fft_ip_c_shift_ram_v12_0_19_legacy__parameterized9__2
INFO: [VRFC 10-311] analyzing module fft_ip_c_shift_ram_v12_0_19_legacy__parameterized9__3
INFO: [VRFC 10-311] analyzing module fft_ip_c_shift_ram_v12_0_19_legacy__parameterized9__4
INFO: [VRFC 10-311] analyzing module fft_ip_c_shift_ram_v12_0_19_legacy__parameterized9__5
INFO: [VRFC 10-311] analyzing module fft_ip_c_shift_ram_v12_0_19_legacy__parameterized9__6
INFO: [VRFC 10-311] analyzing module fft_ip_c_shift_ram_v12_0_19_legacy__parameterized9__7
INFO: [VRFC 10-311] analyzing module fft_ip_c_shift_ram_v12_0_19_legacy__parameterized9__8
INFO: [VRFC 10-311] analyzing module fft_ip_c_shift_ram_v12_0_19_legacy__parameterized9__9
INFO: [VRFC 10-311] analyzing module fft_ip_c_shift_ram_v12_0_19_viv
INFO: [VRFC 10-311] analyzing module fft_ip_c_shift_ram_v12_0_19_viv__1
INFO: [VRFC 10-311] analyzing module fft_ip_c_shift_ram_v12_0_19_viv__2
INFO: [VRFC 10-311] analyzing module fft_ip_c_shift_ram_v12_0_19_viv__3
INFO: [VRFC 10-311] analyzing module fft_ip_c_shift_ram_v12_0_19_viv__4
INFO: [VRFC 10-311] analyzing module fft_ip_c_shift_ram_v12_0_19_viv__parameterized0
INFO: [VRFC 10-311] analyzing module fft_ip_c_shift_ram_v12_0_19_viv__parameterized0__1
INFO: [VRFC 10-311] analyzing module fft_ip_c_shift_ram_v12_0_19_viv__parameterized0__2
INFO: [VRFC 10-311] analyzing module fft_ip_c_shift_ram_v12_0_19_viv__parameterized0__3
INFO: [VRFC 10-311] analyzing module fft_ip_c_shift_ram_v12_0_19_viv__parameterized0__4
INFO: [VRFC 10-311] analyzing module fft_ip_c_shift_ram_v12_0_19_viv__parameterized1
INFO: [VRFC 10-311] analyzing module fft_ip_c_shift_ram_v12_0_19_viv__parameterized10
INFO: [VRFC 10-311] analyzing module fft_ip_c_shift_ram_v12_0_19_viv__parameterized11
INFO: [VRFC 10-311] analyzing module fft_ip_c_shift_ram_v12_0_19_viv__parameterized11__1
INFO: [VRFC 10-311] analyzing module fft_ip_c_shift_ram_v12_0_19_viv__parameterized12
INFO: [VRFC 10-311] analyzing module fft_ip_c_shift_ram_v12_0_19_viv__parameterized13
INFO: [VRFC 10-311] analyzing module fft_ip_c_shift_ram_v12_0_19_viv__parameterized15
INFO: [VRFC 10-311] analyzing module fft_ip_c_shift_ram_v12_0_19_viv__parameterized16
INFO: [VRFC 10-311] analyzing module fft_ip_c_shift_ram_v12_0_19_viv__parameterized17
INFO: [VRFC 10-311] analyzing module fft_ip_c_shift_ram_v12_0_19_viv__parameterized18
INFO: [VRFC 10-311] analyzing module fft_ip_c_shift_ram_v12_0_19_viv__parameterized18__1
INFO: [VRFC 10-311] analyzing module fft_ip_c_shift_ram_v12_0_19_viv__parameterized19
INFO: [VRFC 10-311] analyzing module fft_ip_c_shift_ram_v12_0_19_viv__parameterized2
INFO: [VRFC 10-311] analyzing module fft_ip_c_shift_ram_v12_0_19_viv__parameterized20
INFO: [VRFC 10-311] analyzing module fft_ip_c_shift_ram_v12_0_19_viv__parameterized21
INFO: [VRFC 10-311] analyzing module fft_ip_c_shift_ram_v12_0_19_viv__parameterized22
INFO: [VRFC 10-311] analyzing module fft_ip_c_shift_ram_v12_0_19_viv__parameterized22__1
INFO: [VRFC 10-311] analyzing module fft_ip_c_shift_ram_v12_0_19_viv__parameterized23
INFO: [VRFC 10-311] analyzing module fft_ip_c_shift_ram_v12_0_19_viv__parameterized24
INFO: [VRFC 10-311] analyzing module fft_ip_c_shift_ram_v12_0_19_viv__parameterized25
INFO: [VRFC 10-311] analyzing module fft_ip_c_shift_ram_v12_0_19_viv__parameterized27
INFO: [VRFC 10-311] analyzing module fft_ip_c_shift_ram_v12_0_19_viv__parameterized28
INFO: [VRFC 10-311] analyzing module fft_ip_c_shift_ram_v12_0_19_viv__parameterized29
INFO: [VRFC 10-311] analyzing module fft_ip_c_shift_ram_v12_0_19_viv__parameterized2__1
INFO: [VRFC 10-311] analyzing module fft_ip_c_shift_ram_v12_0_19_viv__parameterized3
INFO: [VRFC 10-311] analyzing module fft_ip_c_shift_ram_v12_0_19_viv__parameterized30
INFO: [VRFC 10-311] analyzing module fft_ip_c_shift_ram_v12_0_19_viv__parameterized30__1
INFO: [VRFC 10-311] analyzing module fft_ip_c_shift_ram_v12_0_19_viv__parameterized31
INFO: [VRFC 10-311] analyzing module fft_ip_c_shift_ram_v12_0_19_viv__parameterized32
INFO: [VRFC 10-311] analyzing module fft_ip_c_shift_ram_v12_0_19_viv__parameterized33
INFO: [VRFC 10-311] analyzing module fft_ip_c_shift_ram_v12_0_19_viv__parameterized34
INFO: [VRFC 10-311] analyzing module fft_ip_c_shift_ram_v12_0_19_viv__parameterized4
INFO: [VRFC 10-311] analyzing module fft_ip_c_shift_ram_v12_0_19_viv__parameterized6
INFO: [VRFC 10-311] analyzing module fft_ip_c_shift_ram_v12_0_19_viv__parameterized7
INFO: [VRFC 10-311] analyzing module fft_ip_c_shift_ram_v12_0_19_viv__parameterized8
INFO: [VRFC 10-311] analyzing module fft_ip_c_shift_ram_v12_0_19_viv__parameterized9
INFO: [VRFC 10-311] analyzing module fft_ip_c_shift_ram_v12_0_19_viv__parameterized9__1
INFO: [VRFC 10-311] analyzing module fft_ip_c_shift_ram_v12_0_19_viv__parameterized9__10
INFO: [VRFC 10-311] analyzing module fft_ip_c_shift_ram_v12_0_19_viv__parameterized9__2
INFO: [VRFC 10-311] analyzing module fft_ip_c_shift_ram_v12_0_19_viv__parameterized9__3
INFO: [VRFC 10-311] analyzing module fft_ip_c_shift_ram_v12_0_19_viv__parameterized9__4
INFO: [VRFC 10-311] analyzing module fft_ip_c_shift_ram_v12_0_19_viv__parameterized9__5
INFO: [VRFC 10-311] analyzing module fft_ip_c_shift_ram_v12_0_19_viv__parameterized9__6
INFO: [VRFC 10-311] analyzing module fft_ip_c_shift_ram_v12_0_19_viv__parameterized9__7
INFO: [VRFC 10-311] analyzing module fft_ip_c_shift_ram_v12_0_19_viv__parameterized9__8
INFO: [VRFC 10-311] analyzing module fft_ip_c_shift_ram_v12_0_19_viv__parameterized9__9
INFO: [VRFC 10-311] analyzing module fft_ip_cmpy
INFO: [VRFC 10-311] analyzing module fft_ip_cmpy_179
INFO: [VRFC 10-311] analyzing module fft_ip_cmpy_3_dsp48
INFO: [VRFC 10-311] analyzing module fft_ip_cmpy_3_dsp48_142
INFO: [VRFC 10-311] analyzing module fft_ip_cmpy_3_dsp48_229
INFO: [VRFC 10-311] analyzing module fft_ip_cmpy_3_dsp48_mult
INFO: [VRFC 10-311] analyzing module fft_ip_cmpy_3_dsp48_mult_145
INFO: [VRFC 10-311] analyzing module fft_ip_cmpy_3_dsp48_mult_232
INFO: [VRFC 10-311] analyzing module fft_ip_cmpy_3_dsp48_mult__parameterized0
INFO: [VRFC 10-311] analyzing module fft_ip_cmpy_3_dsp48_mult__parameterized0_146
INFO: [VRFC 10-311] analyzing module fft_ip_cmpy_3_dsp48_mult__parameterized0_233
INFO: [VRFC 10-311] analyzing module fft_ip_cmpy_3_dsp48_mult__parameterized1
INFO: [VRFC 10-311] analyzing module fft_ip_cmpy_3_dsp48_mult__parameterized1_147
INFO: [VRFC 10-311] analyzing module fft_ip_cmpy_3_dsp48_mult__parameterized1_234
INFO: [VRFC 10-311] analyzing module fft_ip_cmpy_91
INFO: [VRFC 10-311] analyzing module fft_ip_cmpy_v6_0_26_delay_line__parameterized1
INFO: [VRFC 10-311] analyzing module fft_ip_cmpy_v6_0_26_delay_line__parameterized1_143
INFO: [VRFC 10-311] analyzing module fft_ip_cmpy_v6_0_26_delay_line__parameterized1_144
INFO: [VRFC 10-311] analyzing module fft_ip_cmpy_v6_0_26_delay_line__parameterized1_230
INFO: [VRFC 10-311] analyzing module fft_ip_cmpy_v6_0_26_delay_line__parameterized1_231
INFO: [VRFC 10-311] analyzing module fft_ip_cmpy_v6_0_26_delay_line__parameterized1_69
INFO: [VRFC 10-311] analyzing module fft_ip_cmpy_v6_0_26_delay_line__parameterized3
INFO: [VRFC 10-311] analyzing module fft_ip_cmpy_v6_0_26_delay_line__parameterized3_151
INFO: [VRFC 10-311] analyzing module fft_ip_cmpy_v6_0_26_delay_line__parameterized3_159
INFO: [VRFC 10-311] analyzing module fft_ip_cmpy_v6_0_26_delay_line__parameterized3_238
INFO: [VRFC 10-311] analyzing module fft_ip_cmpy_v6_0_26_delay_line__parameterized3_246
INFO: [VRFC 10-311] analyzing module fft_ip_cmpy_v6_0_26_delay_line__parameterized3_71
INFO: [VRFC 10-311] analyzing module fft_ip_cmpy_v6_0_26_delay_line__parameterized4
INFO: [VRFC 10-311] analyzing module fft_ip_cmpy_v6_0_26_delay_line__parameterized4_150
INFO: [VRFC 10-311] analyzing module fft_ip_cmpy_v6_0_26_delay_line__parameterized4_158
INFO: [VRFC 10-311] analyzing module fft_ip_cmpy_v6_0_26_delay_line__parameterized4_237
INFO: [VRFC 10-311] analyzing module fft_ip_cmpy_v6_0_26_delay_line__parameterized4_245
INFO: [VRFC 10-311] analyzing module fft_ip_cmpy_v6_0_26_delay_line__parameterized4_70
INFO: [VRFC 10-311] analyzing module fft_ip_cmpy_v6_0_26_synth
INFO: [VRFC 10-311] analyzing module fft_ip_cmpy_v6_0_26_synth_141
INFO: [VRFC 10-311] analyzing module fft_ip_cmpy_v6_0_26_synth_228
INFO: [VRFC 10-311] analyzing module fft_ip_cnt_sat
INFO: [VRFC 10-311] analyzing module fft_ip_cnt_sat__parameterized0
INFO: [VRFC 10-311] analyzing module fft_ip_cnt_sat__parameterized1
INFO: [VRFC 10-311] analyzing module fft_ip_cnt_sat__parameterized2
INFO: [VRFC 10-311] analyzing module fft_ip_cnt_sat__parameterized3
INFO: [VRFC 10-311] analyzing module fft_ip_cnt_sat__parameterized4
INFO: [VRFC 10-311] analyzing module fft_ip_cnt_tc_rtl
INFO: [VRFC 10-311] analyzing module fft_ip_cnt_tc_rtl_184
INFO: [VRFC 10-311] analyzing module fft_ip_cnt_tc_rtl_33
INFO: [VRFC 10-311] analyzing module fft_ip_cnt_tc_rtl_94
INFO: [VRFC 10-311] analyzing module fft_ip_cnt_tc_rtl_a
INFO: [VRFC 10-311] analyzing module fft_ip_cnt_tc_rtl_a__parameterized0
INFO: [VRFC 10-311] analyzing module fft_ip_cnt_tc_rtl_a__parameterized0_126
INFO: [VRFC 10-311] analyzing module fft_ip_cnt_tc_rtl_a__parameterized0_133
INFO: [VRFC 10-311] analyzing module fft_ip_cnt_tc_rtl_a__parameterized0_213
INFO: [VRFC 10-311] analyzing module fft_ip_cnt_tc_rtl_a__parameterized0_220
INFO: [VRFC 10-311] analyzing module fft_ip_cnt_tc_rtl_a__parameterized0_279
INFO: [VRFC 10-311] analyzing module fft_ip_cnt_tc_rtl_a__parameterized0_295
INFO: [VRFC 10-311] analyzing module fft_ip_cnt_tc_rtl_a__parameterized0_62
INFO: [VRFC 10-311] analyzing module fft_ip_cnt_tc_rtl_b
INFO: [VRFC 10-311] analyzing module fft_ip_dpm
INFO: [VRFC 10-311] analyzing module fft_ip_dpm__parameterized0
INFO: [VRFC 10-311] analyzing module fft_ip_equ_rtl
INFO: [VRFC 10-311] analyzing module fft_ip_equ_rtl_128
INFO: [VRFC 10-311] analyzing module fft_ip_equ_rtl_135
INFO: [VRFC 10-311] analyzing module fft_ip_equ_rtl_215
INFO: [VRFC 10-311] analyzing module fft_ip_equ_rtl_222
INFO: [VRFC 10-311] analyzing module fft_ip_equ_rtl_280
INFO: [VRFC 10-311] analyzing module fft_ip_equ_rtl_285
INFO: [VRFC 10-311] analyzing module fft_ip_equ_rtl_290
INFO: [VRFC 10-311] analyzing module fft_ip_equ_rtl_296
INFO: [VRFC 10-311] analyzing module fft_ip_equ_rtl_64
INFO: [VRFC 10-311] analyzing module fft_ip_equ_rtl__parameterized0
INFO: [VRFC 10-311] analyzing module fft_ip_equ_rtl__parameterized1
INFO: [VRFC 10-311] analyzing module fft_ip_equ_rtl__parameterized1_127
INFO: [VRFC 10-311] analyzing module fft_ip_equ_rtl__parameterized1_134
INFO: [VRFC 10-311] analyzing module fft_ip_equ_rtl__parameterized1_214
INFO: [VRFC 10-311] analyzing module fft_ip_equ_rtl__parameterized1_221
INFO: [VRFC 10-311] analyzing module fft_ip_equ_rtl__parameterized1_63
INFO: [VRFC 10-311] analyzing module fft_ip_equ_rtl__parameterized2
INFO: [VRFC 10-311] analyzing module fft_ip_equ_rtl__parameterized2_100
INFO: [VRFC 10-311] analyzing module fft_ip_equ_rtl__parameterized2_190
INFO: [VRFC 10-311] analyzing module fft_ip_equ_rtl__parameterized2_36
INFO: [VRFC 10-311] analyzing module fft_ip_input_negation
INFO: [VRFC 10-311] analyzing module fft_ip_input_negation_148
INFO: [VRFC 10-311] analyzing module fft_ip_input_negation_235
INFO: [VRFC 10-311] analyzing module fft_ip_logic_gate__parameterized0
INFO: [VRFC 10-311] analyzing module fft_ip_logic_gate__parameterized1
INFO: [VRFC 10-311] analyzing module fft_ip_mux_bus4
INFO: [VRFC 10-311] analyzing module fft_ip_mux_bus4__parameterized0
INFO: [VRFC 10-311] analyzing module fft_ip_mux_bus4__parameterized0_188
INFO: [VRFC 10-311] analyzing module fft_ip_mux_bus4__parameterized0_189
INFO: [VRFC 10-311] analyzing module fft_ip_mux_bus4__parameterized0_35
INFO: [VRFC 10-311] analyzing module fft_ip_mux_bus4__parameterized0_98
INFO: [VRFC 10-311] analyzing module fft_ip_mux_bus4__parameterized0_99
INFO: [VRFC 10-311] analyzing module fft_ip_mux_bus4__parameterized1
INFO: [VRFC 10-311] analyzing module fft_ip_mux_bus4__parameterized2
INFO: [VRFC 10-311] analyzing module fft_ip_mux_bus4__parameterized3
INFO: [VRFC 10-311] analyzing module fft_ip_mux_bus4__parameterized3_7
INFO: [VRFC 10-311] analyzing module fft_ip_r22_bf
INFO: [VRFC 10-311] analyzing module fft_ip_r22_bf__parameterized0
INFO: [VRFC 10-311] analyzing module fft_ip_r22_bf__parameterized1
INFO: [VRFC 10-311] analyzing module fft_ip_r22_bf_sp
INFO: [VRFC 10-311] analyzing module fft_ip_r22_bf_sp__parameterized0
INFO: [VRFC 10-311] analyzing module fft_ip_r22_bf_sp__parameterized1
INFO: [VRFC 10-311] analyzing module fft_ip_r22_bf_sp__parameterized2
INFO: [VRFC 10-311] analyzing module fft_ip_r22_bf_sp__parameterized3
INFO: [VRFC 10-311] analyzing module fft_ip_r22_bfly_byp
INFO: [VRFC 10-311] analyzing module fft_ip_r22_bfly_byp_250
INFO: [VRFC 10-311] analyzing module fft_ip_r22_bfly_byp__parameterized0
INFO: [VRFC 10-311] analyzing module fft_ip_r22_cnt_ctrl
INFO: [VRFC 10-311] analyzing module fft_ip_r22_cnt_ctrl__parameterized0
INFO: [VRFC 10-311] analyzing module fft_ip_r22_cnt_ctrl__parameterized1
INFO: [VRFC 10-311] analyzing module fft_ip_r22_cnt_ctrl__parameterized2
INFO: [VRFC 10-311] analyzing module fft_ip_r22_cnt_ctrl__parameterized3
INFO: [VRFC 10-311] analyzing module fft_ip_r22_cnt_ctrl__parameterized4
INFO: [VRFC 10-311] analyzing module fft_ip_r22_cnt_ctrl__parameterized5
INFO: [VRFC 10-311] analyzing module fft_ip_r22_cnt_ctrl__parameterized6
INFO: [VRFC 10-311] analyzing module fft_ip_r22_delay_mux
INFO: [VRFC 10-311] analyzing module fft_ip_r22_delay_mux__parameterized0
INFO: [VRFC 10-311] analyzing module fft_ip_r22_delay_mux__parameterized1
INFO: [VRFC 10-311] analyzing module fft_ip_r22_delay_mux__parameterized2
INFO: [VRFC 10-311] analyzing module fft_ip_r22_delay_mux__parameterized3
INFO: [VRFC 10-311] analyzing module fft_ip_r22_delay_mux__parameterized4
INFO: [VRFC 10-311] analyzing module fft_ip_r22_flow_ctrl
INFO: [VRFC 10-311] analyzing module fft_ip_r22_memory
INFO: [VRFC 10-311] analyzing module fft_ip_r22_memory__parameterized0
INFO: [VRFC 10-311] analyzing module fft_ip_r22_memory__parameterized1
INFO: [VRFC 10-311] analyzing module fft_ip_r22_memory__parameterized2
INFO: [VRFC 10-311] analyzing module fft_ip_r22_pe
INFO: [VRFC 10-311] analyzing module fft_ip_r22_pe__parameterized0
INFO: [VRFC 10-311] analyzing module fft_ip_r22_pe__parameterized1
INFO: [VRFC 10-311] analyzing module fft_ip_r22_pe__parameterized2
INFO: [VRFC 10-311] analyzing module fft_ip_r22_srl_memory
INFO: [VRFC 10-311] analyzing module fft_ip_r22_srl_memory__parameterized0
INFO: [VRFC 10-311] analyzing module fft_ip_r22_tw_gen
INFO: [VRFC 10-311] analyzing module fft_ip_r22_tw_gen__parameterized0
INFO: [VRFC 10-311] analyzing module fft_ip_r22_tw_gen__parameterized1
INFO: [VRFC 10-311] analyzing module fft_ip_r22_twos_comp_mux
INFO: [VRFC 10-311] analyzing module fft_ip_r22_twos_comp_mux_109
INFO: [VRFC 10-311] analyzing module fft_ip_r22_twos_comp_mux_199
INFO: [VRFC 10-311] analyzing module fft_ip_r22_twos_comp_mux_45
INFO: [VRFC 10-311] analyzing module fft_ip_r22_twos_comp_mux__parameterized0
INFO: [VRFC 10-311] analyzing module fft_ip_r22_twos_comp_mux__parameterized0_108
INFO: [VRFC 10-311] analyzing module fft_ip_r22_twos_comp_mux__parameterized0_198
INFO: [VRFC 10-311] analyzing module fft_ip_r22_twos_comp_mux__parameterized0_44
INFO: [VRFC 10-311] analyzing module fft_ip_shift_ram
INFO: [VRFC 10-311] analyzing module fft_ip_shift_ram_286
INFO: [VRFC 10-311] analyzing module fft_ip_shift_ram__parameterized0
INFO: [VRFC 10-311] analyzing module fft_ip_shift_ram__parameterized0_180
INFO: [VRFC 10-311] analyzing module fft_ip_shift_ram__parameterized0_182
INFO: [VRFC 10-311] analyzing module fft_ip_shift_ram__parameterized0_92
INFO: [VRFC 10-311] analyzing module fft_ip_shift_ram__parameterized1
INFO: [VRFC 10-311] analyzing module fft_ip_shift_ram__parameterized10
INFO: [VRFC 10-311] analyzing module fft_ip_shift_ram__parameterized11
INFO: [VRFC 10-311] analyzing module fft_ip_shift_ram__parameterized11_181
INFO: [VRFC 10-311] analyzing module fft_ip_shift_ram__parameterized13
INFO: [VRFC 10-311] analyzing module fft_ip_shift_ram__parameterized13_195
INFO: [VRFC 10-311] analyzing module fft_ip_shift_ram__parameterized13_252
INFO: [VRFC 10-311] analyzing module fft_ip_shift_ram__parameterized14
INFO: [VRFC 10-311] analyzing module fft_ip_shift_ram__parameterized14_194
INFO: [VRFC 10-311] analyzing module fft_ip_shift_ram__parameterized14_251
INFO: [VRFC 10-311] analyzing module fft_ip_shift_ram__parameterized15
INFO: [VRFC 10-311] analyzing module fft_ip_shift_ram__parameterized15_166
INFO: [VRFC 10-311] analyzing module fft_ip_shift_ram__parameterized15_255
INFO: [VRFC 10-311] analyzing module fft_ip_shift_ram__parameterized15_257
INFO: [VRFC 10-311] analyzing module fft_ip_shift_ram__parameterized16
INFO: [VRFC 10-311] analyzing module fft_ip_shift_ram__parameterized18
INFO: [VRFC 10-311] analyzing module fft_ip_shift_ram__parameterized18_201
INFO: [VRFC 10-311] analyzing module fft_ip_shift_ram__parameterized2
INFO: [VRFC 10-311] analyzing module fft_ip_shift_ram__parameterized21
INFO: [VRFC 10-311] analyzing module fft_ip_shift_ram__parameterized21_196
INFO: [VRFC 10-311] analyzing module fft_ip_shift_ram__parameterized23
INFO: [VRFC 10-311] analyzing module fft_ip_shift_ram__parameterized23_0
INFO: [VRFC 10-311] analyzing module fft_ip_shift_ram__parameterized23_117
INFO: [VRFC 10-311] analyzing module fft_ip_shift_ram__parameterized23_17
INFO: [VRFC 10-311] analyzing module fft_ip_shift_ram__parameterized23_197
INFO: [VRFC 10-311] analyzing module fft_ip_shift_ram__parameterized23_26
INFO: [VRFC 10-311] analyzing module fft_ip_shift_ram__parameterized23_53
INFO: [VRFC 10-311] analyzing module fft_ip_shift_ram__parameterized23_81
INFO: [VRFC 10-311] analyzing module fft_ip_shift_ram__parameterized24
INFO: [VRFC 10-311] analyzing module fft_ip_shift_ram__parameterized24_140
INFO: [VRFC 10-311] analyzing module fft_ip_shift_ram__parameterized24_227
INFO: [VRFC 10-311] analyzing module fft_ip_shift_ram__parameterized25
INFO: [VRFC 10-311] analyzing module fft_ip_shift_ram__parameterized25_185
INFO: [VRFC 10-311] analyzing module fft_ip_shift_ram__parameterized25_95
INFO: [VRFC 10-311] analyzing module fft_ip_shift_ram__parameterized27
INFO: [VRFC 10-311] analyzing module fft_ip_shift_ram__parameterized28
INFO: [VRFC 10-311] analyzing module fft_ip_shift_ram__parameterized28_93
INFO: [VRFC 10-311] analyzing module fft_ip_shift_ram__parameterized29
INFO: [VRFC 10-311] analyzing module fft_ip_shift_ram__parameterized3
INFO: [VRFC 10-311] analyzing module fft_ip_shift_ram__parameterized30
INFO: [VRFC 10-311] analyzing module fft_ip_shift_ram__parameterized32
INFO: [VRFC 10-311] analyzing module fft_ip_shift_ram__parameterized33
INFO: [VRFC 10-311] analyzing module fft_ip_shift_ram__parameterized34
INFO: [VRFC 10-311] analyzing module fft_ip_shift_ram__parameterized38
INFO: [VRFC 10-311] analyzing module fft_ip_shift_ram__parameterized38_106
INFO: [VRFC 10-311] analyzing module fft_ip_shift_ram__parameterized38_114
INFO: [VRFC 10-311] analyzing module fft_ip_shift_ram__parameterized38_14
INFO: [VRFC 10-311] analyzing module fft_ip_shift_ram__parameterized38_42
INFO: [VRFC 10-311] analyzing module fft_ip_shift_ram__parameterized38_50
INFO: [VRFC 10-311] analyzing module fft_ip_shift_ram__parameterized38_9
INFO: [VRFC 10-311] analyzing module fft_ip_shift_ram__parameterized39
INFO: [VRFC 10-311] analyzing module fft_ip_shift_ram__parameterized3_163
INFO: [VRFC 10-311] analyzing module fft_ip_shift_ram__parameterized3_164
INFO: [VRFC 10-311] analyzing module fft_ip_shift_ram__parameterized3_2
INFO: [VRFC 10-311] analyzing module fft_ip_shift_ram__parameterized3_253
INFO: [VRFC 10-311] analyzing module fft_ip_shift_ram__parameterized3_254
INFO: [VRFC 10-311] analyzing module fft_ip_shift_ram__parameterized4
INFO: [VRFC 10-311] analyzing module fft_ip_shift_ram__parameterized40
INFO: [VRFC 10-311] analyzing module fft_ip_shift_ram__parameterized40_107
INFO: [VRFC 10-311] analyzing module fft_ip_shift_ram__parameterized40_115
INFO: [VRFC 10-311] analyzing module fft_ip_shift_ram__parameterized40_116
INFO: [VRFC 10-311] analyzing module fft_ip_shift_ram__parameterized41
INFO: [VRFC 10-311] analyzing module fft_ip_shift_ram__parameterized42
INFO: [VRFC 10-311] analyzing module fft_ip_shift_ram__parameterized43
INFO: [VRFC 10-311] analyzing module fft_ip_shift_ram__parameterized44
INFO: [VRFC 10-311] analyzing module fft_ip_shift_ram__parameterized44_32
INFO: [VRFC 10-311] analyzing module fft_ip_shift_ram__parameterized45
INFO: [VRFC 10-311] analyzing module fft_ip_shift_ram__parameterized46
INFO: [VRFC 10-311] analyzing module fft_ip_shift_ram__parameterized47
INFO: [VRFC 10-311] analyzing module fft_ip_shift_ram__parameterized49
INFO: [VRFC 10-311] analyzing module fft_ip_shift_ram__parameterized5
INFO: [VRFC 10-311] analyzing module fft_ip_shift_ram__parameterized50
INFO: [VRFC 10-311] analyzing module fft_ip_shift_ram__parameterized51
INFO: [VRFC 10-311] analyzing module fft_ip_shift_ram__parameterized53
INFO: [VRFC 10-311] analyzing module fft_ip_shift_ram__parameterized54
INFO: [VRFC 10-311] analyzing module fft_ip_shift_ram__parameterized54_76
INFO: [VRFC 10-311] analyzing module fft_ip_shift_ram__parameterized55
INFO: [VRFC 10-311] analyzing module fft_ip_shift_ram__parameterized55_82
INFO: [VRFC 10-311] analyzing module fft_ip_shift_ram__parameterized56
INFO: [VRFC 10-311] analyzing module fft_ip_shift_ram__parameterized57
INFO: [VRFC 10-311] analyzing module fft_ip_shift_ram__parameterized57_43
INFO: [VRFC 10-311] analyzing module fft_ip_shift_ram__parameterized57_51
INFO: [VRFC 10-311] analyzing module fft_ip_shift_ram__parameterized57_52
INFO: [VRFC 10-311] analyzing module fft_ip_shift_ram__parameterized58
INFO: [VRFC 10-311] analyzing module fft_ip_shift_ram__parameterized59
INFO: [VRFC 10-311] analyzing module fft_ip_shift_ram__parameterized5_183
INFO: [VRFC 10-311] analyzing module fft_ip_shift_ram__parameterized6
INFO: [VRFC 10-311] analyzing module fft_ip_shift_ram__parameterized60
INFO: [VRFC 10-311] analyzing module fft_ip_shift_ram__parameterized60_5
INFO: [VRFC 10-311] analyzing module fft_ip_shift_ram__parameterized61
INFO: [VRFC 10-311] analyzing module fft_ip_shift_ram__parameterized62
INFO: [VRFC 10-311] analyzing module fft_ip_shift_ram__parameterized64
INFO: [VRFC 10-311] analyzing module fft_ip_shift_ram__parameterized66
INFO: [VRFC 10-311] analyzing module fft_ip_shift_ram__parameterized67
INFO: [VRFC 10-311] analyzing module fft_ip_shift_ram__parameterized7
INFO: [VRFC 10-311] analyzing module fft_ip_shift_ram__parameterized70
INFO: [VRFC 10-311] analyzing module fft_ip_shift_ram__parameterized71
INFO: [VRFC 10-311] analyzing module fft_ip_shift_ram__parameterized71_23
INFO: [VRFC 10-311] analyzing module fft_ip_shift_ram__parameterized72
INFO: [VRFC 10-311] analyzing module fft_ip_shift_ram__parameterized72_27
INFO: [VRFC 10-311] analyzing module fft_ip_shift_ram__parameterized73
INFO: [VRFC 10-311] analyzing module fft_ip_shift_ram__parameterized74
INFO: [VRFC 10-311] analyzing module fft_ip_shift_ram__parameterized74_10
INFO: [VRFC 10-311] analyzing module fft_ip_shift_ram__parameterized74_15
INFO: [VRFC 10-311] analyzing module fft_ip_shift_ram__parameterized74_16
INFO: [VRFC 10-311] analyzing module fft_ip_shift_ram__parameterized76
INFO: [VRFC 10-311] analyzing module fft_ip_shift_ram__parameterized76_1
INFO: [VRFC 10-311] analyzing module fft_ip_shift_ram__parameterized77
INFO: [VRFC 10-311] analyzing module fft_ip_shift_ram__parameterized79
INFO: [VRFC 10-311] analyzing module fft_ip_shift_ram__parameterized81
INFO: [VRFC 10-311] analyzing module fft_ip_shift_ram__parameterized83
INFO: [VRFC 10-311] analyzing module fft_ip_shift_ram__parameterized9
INFO: [VRFC 10-311] analyzing module fft_ip_srl_fifo
INFO: [VRFC 10-311] analyzing module fft_ip_srl_fifo_3
INFO: [VRFC 10-311] analyzing module fft_ip_srl_fifo_4
INFO: [VRFC 10-311] analyzing module fft_ip_sub_byp
INFO: [VRFC 10-311] analyzing module fft_ip_sub_byp_169
INFO: [VRFC 10-311] analyzing module fft_ip_sub_byp_261
INFO: [VRFC 10-311] analyzing module fft_ip_sub_byp_262
INFO: [VRFC 10-311] analyzing module fft_ip_sub_byp__parameterized0
INFO: [VRFC 10-311] analyzing module fft_ip_sub_byp__parameterized0_204
INFO: [VRFC 10-311] analyzing module fft_ip_twgen_distmem
INFO: [VRFC 10-311] analyzing module fft_ip_twgen_distmem__parameterized0
INFO: [VRFC 10-311] analyzing module fft_ip_twgen_distmem__parameterized1
INFO: [VRFC 10-311] analyzing module fft_ip_twiddle_gen
INFO: [VRFC 10-311] analyzing module fft_ip_twiddle_gen__parameterized0
INFO: [VRFC 10-311] analyzing module fft_ip_twiddle_gen__parameterized1
INFO: [VRFC 10-311] analyzing module fft_ip_xfft_v9_1_14_core
INFO: [VRFC 10-311] analyzing module fft_ip_xfft_v9_1_14_d
INFO: [VRFC 10-311] analyzing module fft_ip_xfft_v9_1_14_mux_bus2
INFO: [VRFC 10-311] analyzing module fft_ip_xfft_v9_1_14_mux_bus2_165
INFO: [VRFC 10-311] analyzing module fft_ip_xfft_v9_1_14_mux_bus2_167
INFO: [VRFC 10-311] analyzing module fft_ip_xfft_v9_1_14_mux_bus2_25
INFO: [VRFC 10-311] analyzing module fft_ip_xfft_v9_1_14_mux_bus2_256
INFO: [VRFC 10-311] analyzing module fft_ip_xfft_v9_1_14_mux_bus2_258
INFO: [VRFC 10-311] analyzing module fft_ip_xfft_v9_1_14_mux_bus2_79
INFO: [VRFC 10-311] analyzing module fft_ip_xfft_v9_1_14_mux_bus2_80
INFO: [VRFC 10-311] analyzing module fft_ip_xfft_v9_1_14_mux_bus2__parameterized0
INFO: [VRFC 10-311] analyzing module fft_ip_xfft_v9_1_14_mux_bus2__parameterized0_11
INFO: [VRFC 10-311] analyzing module fft_ip_xfft_v9_1_14_mux_bus2__parameterized0_110
INFO: [VRFC 10-311] analyzing module fft_ip_xfft_v9_1_14_mux_bus2__parameterized0_111
INFO: [VRFC 10-311] analyzing module fft_ip_xfft_v9_1_14_mux_bus2__parameterized0_112
INFO: [VRFC 10-311] analyzing module fft_ip_xfft_v9_1_14_mux_bus2__parameterized0_113
INFO: [VRFC 10-311] analyzing module fft_ip_xfft_v9_1_14_mux_bus2__parameterized0_12
INFO: [VRFC 10-311] analyzing module fft_ip_xfft_v9_1_14_mux_bus2__parameterized0_13
INFO: [VRFC 10-311] analyzing module fft_ip_xfft_v9_1_14_mux_bus2__parameterized0_200
INFO: [VRFC 10-311] analyzing module fft_ip_xfft_v9_1_14_mux_bus2__parameterized0_202
INFO: [VRFC 10-311] analyzing module fft_ip_xfft_v9_1_14_mux_bus2__parameterized0_46
INFO: [VRFC 10-311] analyzing module fft_ip_xfft_v9_1_14_mux_bus2__parameterized0_47
INFO: [VRFC 10-311] analyzing module fft_ip_xfft_v9_1_14_mux_bus2__parameterized0_48
INFO: [VRFC 10-311] analyzing module fft_ip_xfft_v9_1_14_mux_bus2__parameterized0_49
INFO: [VRFC 10-311] analyzing module fft_ip_xfft_v9_1_14_mux_bus2__parameterized1
INFO: [VRFC 10-311] analyzing module fft_ip_xfft_v9_1_14_mux_bus2__parameterized1_24
INFO: [VRFC 10-311] analyzing module fft_ip_xfft_v9_1_14_mux_bus2__parameterized1_77
INFO: [VRFC 10-311] analyzing module fft_ip_xfft_v9_1_14_mux_bus2__parameterized1_78
INFO: [VRFC 10-311] analyzing module fft_ip_xfft_v9_1_14_viv
INFO: [VRFC 10-311] analyzing module message_bram_blk_mem_gen_generic_cstr
INFO: [VRFC 10-311] analyzing module message_bram_blk_mem_gen_prim_width
INFO: [VRFC 10-311] analyzing module message_bram_blk_mem_gen_prim_wrapper_init
INFO: [VRFC 10-311] analyzing module message_bram_blk_mem_gen_top
INFO: [VRFC 10-311] analyzing module message_bram_blk_mem_gen_v8_4_11
INFO: [VRFC 10-311] analyzing module message_bram_blk_mem_gen_v8_4_11_synth
INFO: [VRFC 10-311] analyzing module sym1_bram_blk_mem_gen_generic_cstr
INFO: [VRFC 10-311] analyzing module sym1_bram_blk_mem_gen_prim_width
INFO: [VRFC 10-311] analyzing module sym1_bram_blk_mem_gen_prim_wrapper_init
INFO: [VRFC 10-311] analyzing module sym1_bram_blk_mem_gen_top
INFO: [VRFC 10-311] analyzing module sym1_bram_blk_mem_gen_v8_4_11
INFO: [VRFC 10-311] analyzing module sym1_bram_blk_mem_gen_v8_4_11_synth
INFO: [VRFC 10-311] analyzing module sym2_bram_blk_mem_gen_generic_cstr
INFO: [VRFC 10-311] analyzing module sym2_bram_blk_mem_gen_prim_width
INFO: [VRFC 10-311] analyzing module sym2_bram_blk_mem_gen_prim_wrapper_init
INFO: [VRFC 10-311] analyzing module sym2_bram_blk_mem_gen_top
INFO: [VRFC 10-311] analyzing module sym2_bram_blk_mem_gen_v8_4_11
INFO: [VRFC 10-311] analyzing module sym2_bram_blk_mem_gen_v8_4_11_synth
INFO: [VRFC 10-311] analyzing module fft_ip_c_addsub_v12_0_20_fabric_legacy
INFO: [VRFC 10-311] analyzing module fft_ip_c_addsub_v12_0_20_fabric_legacy__parameterized1
INFO: [VRFC 10-311] analyzing module fft_ip_c_addsub_v12_0_20_fabric_legacy__parameterized11
INFO: [VRFC 10-311] analyzing module fft_ip_c_addsub_v12_0_20_fabric_legacy__parameterized13
INFO: [VRFC 10-311] analyzing module fft_ip_c_addsub_v12_0_20_fabric_legacy__parameterized13_176
INFO: [VRFC 10-311] analyzing module fft_ip_c_addsub_v12_0_20_fabric_legacy__parameterized13_272
INFO: [VRFC 10-311] analyzing module fft_ip_c_addsub_v12_0_20_fabric_legacy__parameterized13_276
INFO: [VRFC 10-311] analyzing module fft_ip_c_addsub_v12_0_20_fabric_legacy__parameterized15
INFO: [VRFC 10-311] analyzing module fft_ip_c_addsub_v12_0_20_fabric_legacy__parameterized15_171
INFO: [VRFC 10-311] analyzing module fft_ip_c_addsub_v12_0_20_fabric_legacy__parameterized15_264
INFO: [VRFC 10-311] analyzing module fft_ip_c_addsub_v12_0_20_fabric_legacy__parameterized15_268
INFO: [VRFC 10-311] analyzing module fft_ip_c_addsub_v12_0_20_fabric_legacy__parameterized17
INFO: [VRFC 10-311] analyzing module fft_ip_c_addsub_v12_0_20_fabric_legacy__parameterized17_210
INFO: [VRFC 10-311] analyzing module fft_ip_c_addsub_v12_0_20_fabric_legacy__parameterized19
INFO: [VRFC 10-311] analyzing module fft_ip_c_addsub_v12_0_20_fabric_legacy__parameterized19_206
INFO: [VRFC 10-311] analyzing module fft_ip_c_addsub_v12_0_20_fabric_legacy__parameterized1_288
INFO: [VRFC 10-311] analyzing module fft_ip_c_addsub_v12_0_20_fabric_legacy__parameterized21
INFO: [VRFC 10-311] analyzing module fft_ip_c_addsub_v12_0_20_fabric_legacy__parameterized23
INFO: [VRFC 10-311] analyzing module fft_ip_c_addsub_v12_0_20_fabric_legacy__parameterized23_102
INFO: [VRFC 10-311] analyzing module fft_ip_c_addsub_v12_0_20_fabric_legacy__parameterized23_192
INFO: [VRFC 10-311] analyzing module fft_ip_c_addsub_v12_0_20_fabric_legacy__parameterized23_38
INFO: [VRFC 10-311] analyzing module fft_ip_c_addsub_v12_0_20_fabric_legacy__parameterized25
INFO: [VRFC 10-311] analyzing module fft_ip_c_addsub_v12_0_20_fabric_legacy__parameterized25_119
INFO: [VRFC 10-311] analyzing module fft_ip_c_addsub_v12_0_20_fabric_legacy__parameterized25_123
INFO: [VRFC 10-311] analyzing module fft_ip_c_addsub_v12_0_20_fabric_legacy__parameterized25_19
INFO: [VRFC 10-311] analyzing module fft_ip_c_addsub_v12_0_20_fabric_legacy__parameterized25_55
INFO: [VRFC 10-311] analyzing module fft_ip_c_addsub_v12_0_20_fabric_legacy__parameterized25_59
INFO: [VRFC 10-311] analyzing module fft_ip_c_addsub_v12_0_20_fabric_legacy__parameterized27
INFO: [VRFC 10-311] analyzing module fft_ip_c_addsub_v12_0_20_fabric_legacy__parameterized29
INFO: [VRFC 10-311] analyzing module fft_ip_c_addsub_v12_0_20_fabric_legacy__parameterized29_29
INFO: [VRFC 10-311] analyzing module fft_ip_c_addsub_v12_0_20_fabric_legacy__parameterized29_84
INFO: [VRFC 10-311] analyzing module fft_ip_c_addsub_v12_0_20_fabric_legacy__parameterized29_88
INFO: [VRFC 10-311] analyzing module fft_ip_c_addsub_v12_0_20_fabric_legacy__parameterized3
INFO: [VRFC 10-311] analyzing module fft_ip_c_addsub_v12_0_20_fabric_legacy__parameterized31
INFO: [VRFC 10-311] analyzing module fft_ip_c_addsub_v12_0_20_fabric_legacy__parameterized5
INFO: [VRFC 10-311] analyzing module fft_ip_c_addsub_v12_0_20_fabric_legacy__parameterized7
INFO: [VRFC 10-311] analyzing module fft_ip_c_addsub_v12_0_20_fabric_legacy__parameterized9
INFO: [VRFC 10-311] analyzing module fft_ip_c_addsub_v12_0_20_fabric_legacy__parameterized9_130
INFO: [VRFC 10-311] analyzing module fft_ip_c_addsub_v12_0_20_fabric_legacy__parameterized9_137
INFO: [VRFC 10-311] analyzing module fft_ip_c_addsub_v12_0_20_fabric_legacy__parameterized9_217
INFO: [VRFC 10-311] analyzing module fft_ip_c_addsub_v12_0_20_fabric_legacy__parameterized9_224
INFO: [VRFC 10-311] analyzing module fft_ip_c_addsub_v12_0_20_fabric_legacy__parameterized9_282
INFO: [VRFC 10-311] analyzing module fft_ip_c_addsub_v12_0_20_fabric_legacy__parameterized9_292
INFO: [VRFC 10-311] analyzing module fft_ip_c_addsub_v12_0_20_fabric_legacy__parameterized9_298
INFO: [VRFC 10-311] analyzing module fft_ip_c_addsub_v12_0_20_fabric_legacy__parameterized9_66
INFO: [VRFC 10-311] analyzing module fft_ip_c_addsub_v12_0_20_legacy
INFO: [VRFC 10-311] analyzing module fft_ip_c_addsub_v12_0_20_legacy__parameterized1
INFO: [VRFC 10-311] analyzing module fft_ip_c_addsub_v12_0_20_legacy__parameterized11
INFO: [VRFC 10-311] analyzing module fft_ip_c_addsub_v12_0_20_legacy__parameterized13
INFO: [VRFC 10-311] analyzing module fft_ip_c_addsub_v12_0_20_legacy__parameterized13_175
INFO: [VRFC 10-311] analyzing module fft_ip_c_addsub_v12_0_20_legacy__parameterized13_271
INFO: [VRFC 10-311] analyzing module fft_ip_c_addsub_v12_0_20_legacy__parameterized13_275
INFO: [VRFC 10-311] analyzing module fft_ip_c_addsub_v12_0_20_legacy__parameterized15
INFO: [VRFC 10-311] analyzing module fft_ip_c_addsub_v12_0_20_legacy__parameterized15_170
INFO: [VRFC 10-311] analyzing module fft_ip_c_addsub_v12_0_20_legacy__parameterized15_263
INFO: [VRFC 10-311] analyzing module fft_ip_c_addsub_v12_0_20_legacy__parameterized15_267
INFO: [VRFC 10-311] analyzing module fft_ip_c_addsub_v12_0_20_legacy__parameterized17
INFO: [VRFC 10-311] analyzing module fft_ip_c_addsub_v12_0_20_legacy__parameterized17_209
INFO: [VRFC 10-311] analyzing module fft_ip_c_addsub_v12_0_20_legacy__parameterized19
INFO: [VRFC 10-311] analyzing module fft_ip_c_addsub_v12_0_20_legacy__parameterized19_205
INFO: [VRFC 10-311] analyzing module fft_ip_c_addsub_v12_0_20_legacy__parameterized1_287
INFO: [VRFC 10-311] analyzing module fft_ip_c_addsub_v12_0_20_legacy__parameterized21
INFO: [VRFC 10-311] analyzing module fft_ip_c_addsub_v12_0_20_legacy__parameterized23
INFO: [VRFC 10-311] analyzing module fft_ip_c_addsub_v12_0_20_legacy__parameterized23_101
INFO: [VRFC 10-311] analyzing module fft_ip_c_addsub_v12_0_20_legacy__parameterized23_191
INFO: [VRFC 10-311] analyzing module fft_ip_c_addsub_v12_0_20_legacy__parameterized23_37
INFO: [VRFC 10-311] analyzing module fft_ip_c_addsub_v12_0_20_legacy__parameterized25
INFO: [VRFC 10-311] analyzing module fft_ip_c_addsub_v12_0_20_legacy__parameterized25_118
INFO: [VRFC 10-311] analyzing module fft_ip_c_addsub_v12_0_20_legacy__parameterized25_122
INFO: [VRFC 10-311] analyzing module fft_ip_c_addsub_v12_0_20_legacy__parameterized25_18
INFO: [VRFC 10-311] analyzing module fft_ip_c_addsub_v12_0_20_legacy__parameterized25_54
INFO: [VRFC 10-311] analyzing module fft_ip_c_addsub_v12_0_20_legacy__parameterized25_58
INFO: [VRFC 10-311] analyzing module fft_ip_c_addsub_v12_0_20_legacy__parameterized27
INFO: [VRFC 10-311] analyzing module fft_ip_c_addsub_v12_0_20_legacy__parameterized29
INFO: [VRFC 10-311] analyzing module fft_ip_c_addsub_v12_0_20_legacy__parameterized29_28
INFO: [VRFC 10-311] analyzing module fft_ip_c_addsub_v12_0_20_legacy__parameterized29_83
INFO: [VRFC 10-311] analyzing module fft_ip_c_addsub_v12_0_20_legacy__parameterized29_87
INFO: [VRFC 10-311] analyzing module fft_ip_c_addsub_v12_0_20_legacy__parameterized3
INFO: [VRFC 10-311] analyzing module fft_ip_c_addsub_v12_0_20_legacy__parameterized31
INFO: [VRFC 10-311] analyzing module fft_ip_c_addsub_v12_0_20_legacy__parameterized5
INFO: [VRFC 10-311] analyzing module fft_ip_c_addsub_v12_0_20_legacy__parameterized7
INFO: [VRFC 10-311] analyzing module fft_ip_c_addsub_v12_0_20_legacy__parameterized9
INFO: [VRFC 10-311] analyzing module fft_ip_c_addsub_v12_0_20_legacy__parameterized9_129
INFO: [VRFC 10-311] analyzing module fft_ip_c_addsub_v12_0_20_legacy__parameterized9_136
INFO: [VRFC 10-311] analyzing module fft_ip_c_addsub_v12_0_20_legacy__parameterized9_216
INFO: [VRFC 10-311] analyzing module fft_ip_c_addsub_v12_0_20_legacy__parameterized9_223
INFO: [VRFC 10-311] analyzing module fft_ip_c_addsub_v12_0_20_legacy__parameterized9_281
INFO: [VRFC 10-311] analyzing module fft_ip_c_addsub_v12_0_20_legacy__parameterized9_291
INFO: [VRFC 10-311] analyzing module fft_ip_c_addsub_v12_0_20_legacy__parameterized9_297
INFO: [VRFC 10-311] analyzing module fft_ip_c_addsub_v12_0_20_legacy__parameterized9_65
INFO: [VRFC 10-311] analyzing module fft_ip_c_addsub_v12_0_20_lut6_legacy
INFO: [VRFC 10-311] analyzing module fft_ip_c_addsub_v12_0_20_lut6_legacy__parameterized1
INFO: [VRFC 10-311] analyzing module fft_ip_c_addsub_v12_0_20_lut6_legacy__parameterized11
INFO: [VRFC 10-311] analyzing module fft_ip_c_addsub_v12_0_20_lut6_legacy__parameterized13
INFO: [VRFC 10-311] analyzing module fft_ip_c_addsub_v12_0_20_lut6_legacy__parameterized13_177
INFO: [VRFC 10-311] analyzing module fft_ip_c_addsub_v12_0_20_lut6_legacy__parameterized13_273
INFO: [VRFC 10-311] analyzing module fft_ip_c_addsub_v12_0_20_lut6_legacy__parameterized13_277
INFO: [VRFC 10-311] analyzing module fft_ip_c_addsub_v12_0_20_lut6_legacy__parameterized15
INFO: [VRFC 10-311] analyzing module fft_ip_c_addsub_v12_0_20_lut6_legacy__parameterized15_172
INFO: [VRFC 10-311] analyzing module fft_ip_c_addsub_v12_0_20_lut6_legacy__parameterized15_265
INFO: [VRFC 10-311] analyzing module fft_ip_c_addsub_v12_0_20_lut6_legacy__parameterized15_269
INFO: [VRFC 10-311] analyzing module fft_ip_c_addsub_v12_0_20_lut6_legacy__parameterized17
INFO: [VRFC 10-311] analyzing module fft_ip_c_addsub_v12_0_20_lut6_legacy__parameterized17_211
INFO: [VRFC 10-311] analyzing module fft_ip_c_addsub_v12_0_20_lut6_legacy__parameterized19
INFO: [VRFC 10-311] analyzing module fft_ip_c_addsub_v12_0_20_lut6_legacy__parameterized19_207
INFO: [VRFC 10-311] analyzing module fft_ip_c_addsub_v12_0_20_lut6_legacy__parameterized1_289
INFO: [VRFC 10-311] analyzing module fft_ip_c_addsub_v12_0_20_lut6_legacy__parameterized21
INFO: [VRFC 10-311] analyzing module fft_ip_c_addsub_v12_0_20_lut6_legacy__parameterized23
INFO: [VRFC 10-311] analyzing module fft_ip_c_addsub_v12_0_20_lut6_legacy__parameterized23_103
INFO: [VRFC 10-311] analyzing module fft_ip_c_addsub_v12_0_20_lut6_legacy__parameterized23_193
INFO: [VRFC 10-311] analyzing module fft_ip_c_addsub_v12_0_20_lut6_legacy__parameterized23_39
INFO: [VRFC 10-311] analyzing module fft_ip_c_addsub_v12_0_20_lut6_legacy__parameterized25
INFO: [VRFC 10-311] analyzing module fft_ip_c_addsub_v12_0_20_lut6_legacy__parameterized25_120
INFO: [VRFC 10-311] analyzing module fft_ip_c_addsub_v12_0_20_lut6_legacy__parameterized25_124
INFO: [VRFC 10-311] analyzing module fft_ip_c_addsub_v12_0_20_lut6_legacy__parameterized25_20
INFO: [VRFC 10-311] analyzing module fft_ip_c_addsub_v12_0_20_lut6_legacy__parameterized25_56
INFO: [VRFC 10-311] analyzing module fft_ip_c_addsub_v12_0_20_lut6_legacy__parameterized25_60
INFO: [VRFC 10-311] analyzing module fft_ip_c_addsub_v12_0_20_lut6_legacy__parameterized27
INFO: [VRFC 10-311] analyzing module fft_ip_c_addsub_v12_0_20_lut6_legacy__parameterized29
INFO: [VRFC 10-311] analyzing module fft_ip_c_addsub_v12_0_20_lut6_legacy__parameterized29_30
INFO: [VRFC 10-311] analyzing module fft_ip_c_addsub_v12_0_20_lut6_legacy__parameterized29_85
INFO: [VRFC 10-311] analyzing module fft_ip_c_addsub_v12_0_20_lut6_legacy__parameterized29_89
INFO: [VRFC 10-311] analyzing module fft_ip_c_addsub_v12_0_20_lut6_legacy__parameterized3
INFO: [VRFC 10-311] analyzing module fft_ip_c_addsub_v12_0_20_lut6_legacy__parameterized31
INFO: [VRFC 10-311] analyzing module fft_ip_c_addsub_v12_0_20_lut6_legacy__parameterized5
INFO: [VRFC 10-311] analyzing module fft_ip_c_addsub_v12_0_20_lut6_legacy__parameterized7
INFO: [VRFC 10-311] analyzing module fft_ip_c_addsub_v12_0_20_lut6_legacy__parameterized9
INFO: [VRFC 10-311] analyzing module fft_ip_c_addsub_v12_0_20_lut6_legacy__parameterized9_131
INFO: [VRFC 10-311] analyzing module fft_ip_c_addsub_v12_0_20_lut6_legacy__parameterized9_138
INFO: [VRFC 10-311] analyzing module fft_ip_c_addsub_v12_0_20_lut6_legacy__parameterized9_218
INFO: [VRFC 10-311] analyzing module fft_ip_c_addsub_v12_0_20_lut6_legacy__parameterized9_225
INFO: [VRFC 10-311] analyzing module fft_ip_c_addsub_v12_0_20_lut6_legacy__parameterized9_283
INFO: [VRFC 10-311] analyzing module fft_ip_c_addsub_v12_0_20_lut6_legacy__parameterized9_293
INFO: [VRFC 10-311] analyzing module fft_ip_c_addsub_v12_0_20_lut6_legacy__parameterized9_299
INFO: [VRFC 10-311] analyzing module fft_ip_c_addsub_v12_0_20_lut6_legacy__parameterized9_67
INFO: [VRFC 10-311] analyzing module fft_ip_c_addsub_v12_0_20_viv
INFO: [VRFC 10-311] analyzing module fft_ip_c_addsub_v12_0_20_viv__parameterized0
INFO: [VRFC 10-311] analyzing module fft_ip_c_addsub_v12_0_20_viv__parameterized0__1
INFO: [VRFC 10-311] analyzing module fft_ip_c_addsub_v12_0_20_viv__parameterized1
INFO: [VRFC 10-311] analyzing module fft_ip_c_addsub_v12_0_20_viv__parameterized10
INFO: [VRFC 10-311] analyzing module fft_ip_c_addsub_v12_0_20_viv__parameterized11__1
INFO: [VRFC 10-311] analyzing module fft_ip_c_addsub_v12_0_20_viv__parameterized11__2
INFO: [VRFC 10-311] analyzing module fft_ip_c_addsub_v12_0_20_viv__parameterized11__3
INFO: [VRFC 10-311] analyzing module fft_ip_c_addsub_v12_0_20_viv__parameterized11__4
INFO: [VRFC 10-311] analyzing module fft_ip_c_addsub_v12_0_20_viv__parameterized12
INFO: [VRFC 10-311] analyzing module fft_ip_c_addsub_v12_0_20_viv__parameterized12__1
INFO: [VRFC 10-311] analyzing module fft_ip_c_addsub_v12_0_20_viv__parameterized12__2
INFO: [VRFC 10-311] analyzing module fft_ip_c_addsub_v12_0_20_viv__parameterized12__3
INFO: [VRFC 10-311] analyzing module fft_ip_c_addsub_v12_0_20_viv__parameterized12__4
INFO: [VRFC 10-311] analyzing module fft_ip_c_addsub_v12_0_20_viv__parameterized12__5
INFO: [VRFC 10-311] analyzing module fft_ip_c_addsub_v12_0_20_viv__parameterized13
INFO: [VRFC 10-311] analyzing module fft_ip_c_addsub_v12_0_20_viv__parameterized14
INFO: [VRFC 10-311] analyzing module fft_ip_c_addsub_v12_0_20_viv__parameterized14__1
INFO: [VRFC 10-311] analyzing module fft_ip_c_addsub_v12_0_20_viv__parameterized14__2
INFO: [VRFC 10-311] analyzing module fft_ip_c_addsub_v12_0_20_viv__parameterized14__3
INFO: [VRFC 10-311] analyzing module fft_ip_c_addsub_v12_0_20_viv__parameterized15
INFO: [VRFC 10-311] analyzing module fft_ip_c_addsub_v12_0_20_viv__parameterized2
INFO: [VRFC 10-311] analyzing module fft_ip_c_addsub_v12_0_20_viv__parameterized3
INFO: [VRFC 10-311] analyzing module fft_ip_c_addsub_v12_0_20_viv__parameterized4
INFO: [VRFC 10-311] analyzing module fft_ip_c_addsub_v12_0_20_viv__parameterized4__1
INFO: [VRFC 10-311] analyzing module fft_ip_c_addsub_v12_0_20_viv__parameterized4__2
INFO: [VRFC 10-311] analyzing module fft_ip_c_addsub_v12_0_20_viv__parameterized4__3
INFO: [VRFC 10-311] analyzing module fft_ip_c_addsub_v12_0_20_viv__parameterized4__4
INFO: [VRFC 10-311] analyzing module fft_ip_c_addsub_v12_0_20_viv__parameterized4__5
INFO: [VRFC 10-311] analyzing module fft_ip_c_addsub_v12_0_20_viv__parameterized4__6
INFO: [VRFC 10-311] analyzing module fft_ip_c_addsub_v12_0_20_viv__parameterized4__7
INFO: [VRFC 10-311] analyzing module fft_ip_c_addsub_v12_0_20_viv__parameterized4__8
INFO: [VRFC 10-311] analyzing module fft_ip_c_addsub_v12_0_20_viv__parameterized5
INFO: [VRFC 10-311] analyzing module fft_ip_c_addsub_v12_0_20_viv__parameterized6
INFO: [VRFC 10-311] analyzing module fft_ip_c_addsub_v12_0_20_viv__parameterized6__1
INFO: [VRFC 10-311] analyzing module fft_ip_c_addsub_v12_0_20_viv__parameterized6__2
INFO: [VRFC 10-311] analyzing module fft_ip_c_addsub_v12_0_20_viv__parameterized6__3
INFO: [VRFC 10-311] analyzing module fft_ip_c_addsub_v12_0_20_viv__parameterized7
INFO: [VRFC 10-311] analyzing module fft_ip_c_addsub_v12_0_20_viv__parameterized7__1
INFO: [VRFC 10-311] analyzing module fft_ip_c_addsub_v12_0_20_viv__parameterized7__2
INFO: [VRFC 10-311] analyzing module fft_ip_c_addsub_v12_0_20_viv__parameterized7__3
INFO: [VRFC 10-311] analyzing module fft_ip_c_addsub_v12_0_20_viv__parameterized8
INFO: [VRFC 10-311] analyzing module fft_ip_c_addsub_v12_0_20_viv__parameterized8__1
INFO: [VRFC 10-311] analyzing module fft_ip_c_addsub_v12_0_20_viv__parameterized9
INFO: [VRFC 10-311] analyzing module fft_ip_c_addsub_v12_0_20_viv__parameterized9__1
INFO: [VRFC 10-311] analyzing module fft_ip_c_reg_fd_v12_0_10_viv
INFO: [VRFC 10-311] analyzing module fft_ip_c_reg_fd_v12_0_10_viv_132
INFO: [VRFC 10-311] analyzing module fft_ip_c_reg_fd_v12_0_10_viv_139
INFO: [VRFC 10-311] analyzing module fft_ip_c_reg_fd_v12_0_10_viv_219
INFO: [VRFC 10-311] analyzing module fft_ip_c_reg_fd_v12_0_10_viv_226
INFO: [VRFC 10-311] analyzing module fft_ip_c_reg_fd_v12_0_10_viv_284
INFO: [VRFC 10-311] analyzing module fft_ip_c_reg_fd_v12_0_10_viv_294
INFO: [VRFC 10-311] analyzing module fft_ip_c_reg_fd_v12_0_10_viv_300
INFO: [VRFC 10-311] analyzing module fft_ip_c_reg_fd_v12_0_10_viv_68
INFO: [VRFC 10-311] analyzing module fft_ip_c_reg_fd_v12_0_10_viv__parameterized1
INFO: [VRFC 10-311] analyzing module fft_ip_c_reg_fd_v12_0_10_viv__parameterized11
INFO: [VRFC 10-311] analyzing module fft_ip_c_reg_fd_v12_0_10_viv__parameterized13
INFO: [VRFC 10-311] analyzing module fft_ip_c_reg_fd_v12_0_10_viv__parameterized13_31
INFO: [VRFC 10-311] analyzing module fft_ip_c_reg_fd_v12_0_10_viv__parameterized13_86
INFO: [VRFC 10-311] analyzing module fft_ip_c_reg_fd_v12_0_10_viv__parameterized13_90
INFO: [VRFC 10-311] analyzing module fft_ip_c_reg_fd_v12_0_10_viv__parameterized15
INFO: [VRFC 10-311] analyzing module fft_ip_c_reg_fd_v12_0_10_viv__parameterized1_121
INFO: [VRFC 10-311] analyzing module fft_ip_c_reg_fd_v12_0_10_viv__parameterized1_125
INFO: [VRFC 10-311] analyzing module fft_ip_c_reg_fd_v12_0_10_viv__parameterized1_174
INFO: [VRFC 10-311] analyzing module fft_ip_c_reg_fd_v12_0_10_viv__parameterized1_178
INFO: [VRFC 10-311] analyzing module fft_ip_c_reg_fd_v12_0_10_viv__parameterized1_21
INFO: [VRFC 10-311] analyzing module fft_ip_c_reg_fd_v12_0_10_viv__parameterized1_274
INFO: [VRFC 10-311] analyzing module fft_ip_c_reg_fd_v12_0_10_viv__parameterized1_278
INFO: [VRFC 10-311] analyzing module fft_ip_c_reg_fd_v12_0_10_viv__parameterized1_57
INFO: [VRFC 10-311] analyzing module fft_ip_c_reg_fd_v12_0_10_viv__parameterized1_61
INFO: [VRFC 10-311] analyzing module fft_ip_c_reg_fd_v12_0_10_viv__parameterized3
INFO: [VRFC 10-311] analyzing module fft_ip_c_reg_fd_v12_0_10_viv__parameterized3_173
INFO: [VRFC 10-311] analyzing module fft_ip_c_reg_fd_v12_0_10_viv__parameterized3_266
INFO: [VRFC 10-311] analyzing module fft_ip_c_reg_fd_v12_0_10_viv__parameterized3_270
INFO: [VRFC 10-311] analyzing module fft_ip_c_reg_fd_v12_0_10_viv__parameterized5
INFO: [VRFC 10-311] analyzing module fft_ip_c_reg_fd_v12_0_10_viv__parameterized5_212
INFO: [VRFC 10-311] analyzing module fft_ip_c_reg_fd_v12_0_10_viv__parameterized7
INFO: [VRFC 10-311] analyzing module fft_ip_c_reg_fd_v12_0_10_viv__parameterized7_208
INFO: [VRFC 10-311] analyzing module fft_ip_c_reg_fd_v12_0_10_viv__parameterized9
INFO: [VRFC 10-311] analyzing module fft_ip_dsp
INFO: [VRFC 10-311] analyzing module fft_ip_dsp_157
INFO: [VRFC 10-311] analyzing module fft_ip_dsp_244
INFO: [VRFC 10-311] analyzing module fft_ip_dsp__parameterized0
INFO: [VRFC 10-311] analyzing module fft_ip_dsp__parameterized0_155
INFO: [VRFC 10-311] analyzing module fft_ip_dsp__parameterized0_242
INFO: [VRFC 10-311] analyzing module fft_ip_dsp__parameterized1
INFO: [VRFC 10-311] analyzing module fft_ip_dsp__parameterized1_149
INFO: [VRFC 10-311] analyzing module fft_ip_dsp__parameterized1_236
INFO: [VRFC 10-311] analyzing module fft_ip_glb_ifx_master
INFO: [VRFC 10-311] analyzing module fft_ip_glb_ifx_master__parameterized0
INFO: [VRFC 10-311] analyzing module fft_ip_glb_ifx_slave
INFO: [VRFC 10-311] analyzing module fft_ip_glb_ifx_slave__parameterized0
INFO: [VRFC 10-311] analyzing module fft_ip_glb_srl_fifo
INFO: [VRFC 10-311] analyzing module fft_ip_glb_srl_fifo__parameterized1
INFO: [VRFC 10-311] analyzing module fft_ip_glb_srl_fifo__parameterized3
INFO: [VRFC 10-311] analyzing module fft_ip_glb_srl_fifo__parameterized5
INFO: [VRFC 10-311] analyzing module fft_ip_mult_gen_v12_0_23_delay_line
INFO: [VRFC 10-311] analyzing module fft_ip_mult_gen_v12_0_23_delay_line_160
INFO: [VRFC 10-311] analyzing module fft_ip_mult_gen_v12_0_23_delay_line_247
INFO: [VRFC 10-311] analyzing module fft_ip_mult_gen_v12_0_23_delay_line__parameterized0
INFO: [VRFC 10-311] analyzing module fft_ip_mult_gen_v12_0_23_delay_line__parameterized0_153
INFO: [VRFC 10-311] analyzing module fft_ip_mult_gen_v12_0_23_delay_line__parameterized0_161
INFO: [VRFC 10-311] analyzing module fft_ip_mult_gen_v12_0_23_delay_line__parameterized0_240
INFO: [VRFC 10-311] analyzing module fft_ip_mult_gen_v12_0_23_delay_line__parameterized0_248
INFO: [VRFC 10-311] analyzing module fft_ip_mult_gen_v12_0_23_delay_line__parameterized0_72
INFO: [VRFC 10-311] analyzing module fft_ip_mult_gen_v12_0_23_delay_line__parameterized1
INFO: [VRFC 10-311] analyzing module fft_ip_mult_gen_v12_0_23_delay_line__parameterized1_154
INFO: [VRFC 10-311] analyzing module fft_ip_mult_gen_v12_0_23_delay_line__parameterized1_162
INFO: [VRFC 10-311] analyzing module fft_ip_mult_gen_v12_0_23_delay_line__parameterized1_241
INFO: [VRFC 10-311] analyzing module fft_ip_mult_gen_v12_0_23_delay_line__parameterized1_249
INFO: [VRFC 10-311] analyzing module fft_ip_mult_gen_v12_0_23_delay_line__parameterized1_73
INFO: [VRFC 10-311] analyzing module fft_ip_mult_gen_v12_0_23_delay_line__parameterized3
INFO: [VRFC 10-311] analyzing module fft_ip_mult_gen_v12_0_23_delay_line__parameterized3_156
INFO: [VRFC 10-311] analyzing module fft_ip_mult_gen_v12_0_23_delay_line__parameterized3_243
INFO: [VRFC 10-311] analyzing module fft_ip_mult_gen_v12_0_23_delay_line__parameterized4
INFO: [VRFC 10-311] analyzing module fft_ip_mult_gen_v12_0_23_delay_line__parameterized4_152
INFO: [VRFC 10-311] analyzing module fft_ip_mult_gen_v12_0_23_delay_line__parameterized4_239
INFO: [VRFC 10-311] analyzing module glbl
