Copyright 1986-2022 Xilinx, Inc. All Rights Reserved. Copyright 2022-2025 Advanced Micro Devices, Inc. All Rights Reserved.
---------------------------------------------------------------------------------------------------------------------------------------------
| Tool Version : Vivado v.2025.1 (win64) Build 6140274 Thu May 22 00:12:29 MDT 2025
| Date         : Wed Feb 11 12:46:38 2026
| Host         : Laptop15 running 64-bit major release  (build 9200)
| Command      : report_control_sets -verbose -file top_control_sets_placed.rpt
| Design       : top
| Device       : xc7a100t
---------------------------------------------------------------------------------------------------------------------------------------------

Control Set Information

Table of Contents
-----------------
1. Summary
2. Histogram
3. Flip-Flop Distribution
4. Detailed Control Set Information

1. Summary
----------

+----------------------------------------------------------+-------+
|                          Status                          | Count |
+----------------------------------------------------------+-------+
| Total control sets                                       |    55 |
|    Minimum number of control sets                        |    55 |
|    Addition due to synthesis replication                 |     0 |
|    Addition due to physical synthesis replication        |     0 |
| Unused register locations in slices containing registers |   214 |
+----------------------------------------------------------+-------+
* Control sets can be merged at opt_design using control_set_merge or merge_equivalent_drivers
** Run report_qor_suggestions for automated merging and remapping suggestions


2. Histogram
------------

+--------------------+-------+
|       Fanout       | Count |
+--------------------+-------+
| Total control sets |    55 |
| >= 0 to < 4        |    14 |
| >= 4 to < 6        |     7 |
| >= 6 to < 8        |     5 |
| >= 8 to < 10       |     6 |
| >= 10 to < 12      |     9 |
| >= 12 to < 14      |     1 |
| >= 14 to < 16      |     0 |
| >= 16              |    13 |
+--------------------+-------+
* Control sets can be remapped at either synth_design or opt_design


3. Flip-Flop Distribution
-------------------------

+--------------+-----------------------+------------------------+-----------------+--------------+
| Clock Enable | Synchronous Set/Reset | Asynchronous Set/Reset | Total Registers | Total Slices |
+--------------+-----------------------+------------------------+-----------------+--------------+
| No           | No                    | No                     |             159 |           46 |
| No           | No                    | Yes                    |               0 |            0 |
| No           | Yes                   | No                     |              72 |           24 |
| Yes          | No                    | No                     |            3583 |          786 |
| Yes          | No                    | Yes                    |               0 |            0 |
| Yes          | Yes                   | No                     |             372 |          131 |
+--------------+-----------------------+------------------------+-----------------+--------------+


4. Detailed Control Set Information
-----------------------------------

+----------------+-----------------------------------------------------------------------------------------------------------------------------------------------------------------------------------------------------------------------------------------------+---------------------------------------------------------------------------------------------------------------------------------------------------------------------------------------+------------------+----------------+--------------+
|  Clock Signal  |                                                                                                                 Enable Signal                                                                                                                 |                                                                                    Set/Reset Signal                                                                                   | Slice Load Count | Bel Load Count | Bels / Slice |
+----------------+-----------------------------------------------------------------------------------------------------------------------------------------------------------------------------------------------------------------------------------------------+---------------------------------------------------------------------------------------------------------------------------------------------------------------------------------------+------------------+----------------+--------------+
|  clk_IBUF_BUFG |                                                                                                                                                                                                                                               | ifft/fft_ip_i/xfft_0/U0/i_synth/non_native_flt_non_ssr_fft.xfft_inst/non_floating_point.arch_d.xfft_inst/FLOW/reset_sustain.delay_reset_3/tc_reg_0                                    |                1 |              1 |         1.00 |
|  clk_IBUF_BUFG | ifft/fft_ip_i/xfft_0/U0/i_synth/non_native_flt_non_ssr_fft.xfft_inst/non_floating_point.arch_d.xfft_inst/pe_gen[2].natural_order_input.PE/overflow.ovflo_out_we_reg/delay[15]_8                                                               |                                                                                                                                                                                       |                1 |              1 |         1.00 |
|  clk_IBUF_BUFG | ifft/fft_ip_i/xfft_0/U0/i_synth/non_native_flt_non_ssr_fft.xfft_inst/non_floating_point.arch_d.xfft_inst/pe_gen[1].natural_order_input.PE/overflow.ovflo_out_we_reg/delay[15]_7                                                               |                                                                                                                                                                                       |                1 |              1 |         1.00 |
|  clk_IBUF_BUFG | ifft/fft_ip_i/xfft_0/U0/i_synth/non_native_flt_non_ssr_fft.xfft_inst/non_floating_point.arch_d.xfft_inst/pe_gen[0].natural_order_input.PE/overflow.ovflo_out_we_reg/delay[15]_6                                                               |                                                                                                                                                                                       |                1 |              1 |         1.00 |
|  clk_IBUF_BUFG | ifft/fft_ip_i/xfft_0/U0/i_synth/axi_wrapper/q_i_8                                                                                                                                                                                             | ifft/fft_ip_i/xfft_0/U0/i_synth/non_native_flt_non_ssr_fft.xfft_inst/non_floating_point.arch_d.xfft_inst/pe_gen[2].natural_order_input.OVFLO_FIFO/q_i[0]_i_1__1_n_0                   |                1 |              1 |         1.00 |
|  clk_IBUF_BUFG | ifft/fft_ip_i/xfft_0/U0/i_synth/axi_wrapper/q_i_6                                                                                                                                                                                             | ifft/fft_ip_i/xfft_0/U0/i_synth/non_native_flt_non_ssr_fft.xfft_inst/non_floating_point.arch_d.xfft_inst/pe_gen[1].natural_order_input.OVFLO_FIFO/q_i[0]_i_1__0_n_0                   |                1 |              1 |         1.00 |
|  clk_IBUF_BUFG | ifft/fft_ip_i/xfft_0/U0/i_synth/axi_wrapper/q_i                                                                                                                                                                                               | ifft/fft_ip_i/xfft_0/U0/i_synth/non_native_flt_non_ssr_fft.xfft_inst/non_floating_point.arch_d.xfft_inst/pe_gen[0].natural_order_input.OVFLO_FIFO/q_i[0]_i_1_n_0                      |                1 |              1 |         1.00 |
|  clk_IBUF_BUFG |                                                                                                                                                                                                                                               | ifft/fft_ip_i/xfft_0/U0/i_synth/non_native_flt_non_ssr_fft.xfft_inst/non_floating_point.arch_d.xfft_inst/FLOW/reset_sustain.delay_reset_7/tc_reg_0                                    |                1 |              2 |         2.00 |
|  clk_IBUF_BUFG | ifft/fft_ip_i/xfft_0/U0/i_synth/axi_wrapper/has_scale_pipelining.has_tw_scale_reg.tw_scale_reg_ce_7                                                                                                                                           |                                                                                                                                                                                       |                1 |              2 |         2.00 |
|  clk_IBUF_BUFG | ifft/fft_ip_i/xfft_0/U0/i_synth/axi_wrapper/count_ce_3                                                                                                                                                                                        | ifft/fft_ip_i/xfft_0/U0/i_synth/axi_wrapper/sclr_w2c                                                                                                                                  |                2 |              3 |         1.50 |
|  clk_IBUF_BUFG |                                                                                                                                                                                                                                               | ifft/fft_ip_i/xfft_0/U0/i_synth/non_native_flt_non_ssr_fft.xfft_inst/non_floating_point.arch_d.xfft_inst/FLOW/reset_sustain.resets_4_pes[2].delay_reset_pe/tc_reg_0                   |                1 |              3 |         3.00 |
|  clk_IBUF_BUFG |                                                                                                                                                                                                                                               | ifft/fft_ip_i/xfft_0/U0/i_synth/non_native_flt_non_ssr_fft.xfft_inst/non_floating_point.arch_d.xfft_inst/FLOW/reset_sustain.resets_4_pes[3].delay_reset_pe/tc_reg_0                   |                2 |              3 |         1.50 |
|  clk_IBUF_BUFG |                                                                                                                                                                                                                                               | ifft/fft_ip_i/xfft_0/U0/i_synth/non_native_flt_non_ssr_fft.xfft_inst/non_floating_point.arch_d.xfft_inst/FLOW/reset_sustain.resets_4_pes[0].delay_reset_pe/tc_reg_0                   |                1 |              3 |         3.00 |
|  clk_IBUF_BUFG |                                                                                                                                                                                                                                               | ifft/fft_ip_i/xfft_0/U0/i_synth/non_native_flt_non_ssr_fft.xfft_inst/non_floating_point.arch_d.xfft_inst/FLOW/reset_sustain.resets_4_pes[1].delay_reset_pe/tc_reg_0                   |                2 |              3 |         1.50 |
|  clk_IBUF_BUFG | ifft/fft_ip_i/xfft_0/U0/i_synth/axi_wrapper/count_ce_4                                                                                                                                                                                        | ifft/fft_ip_i/xfft_0/U0/i_synth/axi_wrapper/sclr_w2c                                                                                                                                  |                2 |              4 |         2.00 |
|  clk_IBUF_BUFG | ifft/fft_ip_i/xfft_0/U0/i_synth/non_native_flt_non_ssr_fft.xfft_inst/non_floating_point.arch_d.xfft_inst/pe_gen[1].natural_order_input.PE/overflow.ovflo_out_we_reg/E[0]                                                                      | ifft/fft_ip_i/xfft_0/U0/i_synth/non_native_flt_non_ssr_fft.xfft_inst/non_floating_point.arch_d.xfft_inst/pe_gen[1].pe_reset                                                           |                1 |              4 |         4.00 |
|  clk_IBUF_BUFG | ifft/fft_ip_i/xfft_0/U0/i_synth/non_native_flt_non_ssr_fft.xfft_inst/non_floating_point.arch_d.xfft_inst/pe_gen[2].natural_order_input.PE/overflow.ovflo_out_we_reg/E[0]                                                                      | ifft/fft_ip_i/xfft_0/U0/i_synth/non_native_flt_non_ssr_fft.xfft_inst/non_floating_point.arch_d.xfft_inst/pe_gen[2].pe_reset                                                           |                1 |              4 |         4.00 |
|  clk_IBUF_BUFG | ifft/fft_ip_i/xfft_0/U0/i_synth/non_native_flt_non_ssr_fft.xfft_inst/non_floating_point.arch_d.xfft_inst/pe_gen[0].natural_order_input.PE/overflow.ovflo_out_we_reg/E[0]                                                                      | ifft/fft_ip_i/xfft_0/U0/i_synth/non_native_flt_non_ssr_fft.xfft_inst/non_floating_point.arch_d.xfft_inst/pe_gen[0].pe_reset                                                           |                1 |              4 |         4.00 |
|  clk_IBUF_BUFG | ifft/fft_ip_i/xfft_0/U0/i_synth/axi_wrapper/has_scale_pipelining.has_tw_scale_reg.tw_scale_reg_ce_5                                                                                                                                           |                                                                                                                                                                                       |                2 |              4 |         2.00 |
|  clk_IBUF_BUFG | ifft/fft_ip_i/xfft_0/U0/i_synth/axi_wrapper/has_scale_pipelining.has_tw_scale_reg.tw_scale_reg_ce                                                                                                                                             |                                                                                                                                                                                       |                2 |              5 |         2.50 |
|  clk_IBUF_BUFG | ifft/fft_ip_i/xfft_0/U0/i_synth/axi_wrapper/count_ce                                                                                                                                                                                          | ifft/fft_ip_i/xfft_0/U0/i_synth/axi_wrapper/sclr_w2c                                                                                                                                  |                2 |              5 |         2.50 |
|  clk_IBUF_BUFG | ifft/fft_ip_i/xfft_0/U0/i_synth/axi_wrapper/ce_w2c                                                                                                                                                                                            | ifft/fft_ip_i/xfft_0/U0/i_synth/axi_wrapper/reset_pipe[1]                                                                                                                             |                2 |              6 |         3.00 |
|  clk_IBUF_BUFG | ifft/fft_ip_i/xfft_0/U0/i_synth/axi_wrapper/count_ce_2                                                                                                                                                                                        | ifft/fft_ip_i/xfft_0/U0/i_synth/axi_wrapper/sclr_w2c                                                                                                                                  |                3 |              6 |         2.00 |
|  clk_IBUF_BUFG | ifft/fft_ip_i/xfft_0/U0/i_synth/axi_wrapper/count_ce_0                                                                                                                                                                                        | ifft/fft_ip_i/xfft_0/U0/i_synth/axi_wrapper/sclr_w2c                                                                                                                                  |                3 |              7 |         2.33 |
|  clk_IBUF_BUFG |                                                                                                                                                                                                                                               | ifft/fft_ip_i/xfft_0/U0/i_synth/axi_wrapper/sclr_w2c                                                                                                                                  |                3 |              7 |         2.33 |
|  clk_IBUF_BUFG | ifft/fft_ip_i/xfft_0/U0/i_synth/axi_wrapper/count_ce_1                                                                                                                                                                                        | ifft/fft_ip_i/xfft_0/U0/i_synth/axi_wrapper/sclr_w2c                                                                                                                                  |                3 |              7 |         2.33 |
|  clk_IBUF_BUFG | ifft/fft_ip_i/xfft_0/U0/i_synth/axi_wrapper/ce_w2c                                                                                                                                                                                            | ifft/fft_ip_i/xfft_0/U0/i_synth/non_native_flt_non_ssr_fft.xfft_inst/non_floating_point.arch_d.xfft_inst/pe_gen[2].pe_reset                                                           |                5 |              8 |         1.60 |
|  clk_IBUF_BUFG | ifft/fft_ip_i/xfft_0/U0/i_synth/axi_wrapper/ce_w2c                                                                                                                                                                                            | ifft/fft_ip_i/xfft_0/U0/i_synth/non_native_flt_non_ssr_fft.xfft_inst/non_floating_point.arch_d.xfft_inst/pe_gen[0].pe_reset                                                           |                5 |              8 |         1.60 |
|  clk_IBUF_BUFG | ifft/fft_ip_i/xfft_0/U0/i_synth/axi_wrapper/gen_symbols_out_default.symbols_out_remaining[7]_i_1_n_0                                                                                                                                          | ifft/fft_ip_i/xfft_0/U0/i_synth/axi_wrapper/reset_pipe[1]                                                                                                                             |                2 |              8 |         4.00 |
|  clk_IBUF_BUFG | ifft/fft_ip_i/xfft_0/U0/i_synth/axi_wrapper/ce_w2c                                                                                                                                                                                            | ifft/fft_ip_i/xfft_0/U0/i_synth/non_native_flt_non_ssr_fft.xfft_inst/non_floating_point.arch_d.xfft_inst/pe_gen[1].pe_reset                                                           |                6 |              8 |         1.33 |
|  clk_IBUF_BUFG | ifft/fft_ip_i/xfft_0/U0/i_synth/axi_wrapper/dout_done_e_ce2                                                                                                                                                                                   | ifft/fft_ip_i/xfft_0/U0/i_synth/axi_wrapper/has_overflow.natural_ovflo.dout_done_e_cnt_reset                                                                                          |                3 |              9 |         3.00 |
|  clk_IBUF_BUFG | map/sym_count/FSM_sequential_cstate_reg[1]_0                                                                                                                                                                                                  | map/cnt/count_out[7]                                                                                                                                                                  |                3 |              9 |         3.00 |
|  clk_IBUF_BUFG | ifft/fft_ip_i/xfft_0/U0/i_synth/non_native_flt_non_ssr_fft.xfft_inst/non_floating_point.arch_d.xfft_inst/DOUT_CNT_CTRL_0/cnt/cnt_ce                                                                                                           | ifft/fft_ip_i/xfft_0/U0/i_synth/axi_wrapper/sclr_w2c                                                                                                                                  |                4 |             10 |         2.50 |
|  clk_IBUF_BUFG | ifft/fft_ip_i/xfft_0/U0/i_synth/non_native_flt_non_ssr_fft.xfft_inst/non_floating_point.arch_d.xfft_inst/FLOW/proc0_counter/load_cnt_ce                                                                                                       | ifft/fft_ip_i/xfft_0/U0/i_synth/axi_wrapper/sclr_w2c                                                                                                                                  |                4 |             10 |         2.50 |
|  clk_IBUF_BUFG | ifft/fft_ip_i/xfft_0/U0/i_synth/non_native_flt_non_ssr_fft.xfft_inst/non_floating_point.arch_d.xfft_inst/pe_gen[0].natural_order_input.PE/has_addr_gen.bf2_addr_gen/cnt/cnt_ce                                                                | ifft/fft_ip_i/xfft_0/U0/i_synth/non_native_flt_non_ssr_fft.xfft_inst/non_floating_point.arch_d.xfft_inst/pe_gen[0].pe_reset                                                           |                4 |             10 |         2.50 |
|  clk_IBUF_BUFG | ifft/fft_ip_i/xfft_0/U0/i_synth/non_native_flt_non_ssr_fft.xfft_inst/non_floating_point.arch_d.xfft_inst/pe_gen[0].natural_order_input.PE/has_addr_gen.tw_addr_gen/cnt/cnt_ce                                                                 | ifft/fft_ip_i/xfft_0/U0/i_synth/non_native_flt_non_ssr_fft.xfft_inst/non_floating_point.arch_d.xfft_inst/pe_gen[0].pe_reset                                                           |                4 |             10 |         2.50 |
|  clk_IBUF_BUFG | ifft/fft_ip_i/xfft_0/U0/i_synth/non_native_flt_non_ssr_fft.xfft_inst/non_floating_point.arch_d.xfft_inst/pe_gen[1].natural_order_input.PE/has_addr_gen.bf2_addr_gen/cnt/cnt_ce                                                                | ifft/fft_ip_i/xfft_0/U0/i_synth/non_native_flt_non_ssr_fft.xfft_inst/non_floating_point.arch_d.xfft_inst/pe_gen[1].pe_reset                                                           |                5 |             10 |         2.00 |
|  clk_IBUF_BUFG | ifft/fft_ip_i/xfft_0/U0/i_synth/non_native_flt_non_ssr_fft.xfft_inst/non_floating_point.arch_d.xfft_inst/pe_gen[1].natural_order_input.PE/has_addr_gen.tw_addr_gen/cnt/cnt_ce                                                                 | ifft/fft_ip_i/xfft_0/U0/i_synth/non_native_flt_non_ssr_fft.xfft_inst/non_floating_point.arch_d.xfft_inst/pe_gen[1].pe_reset                                                           |                4 |             10 |         2.50 |
|  clk_IBUF_BUFG | ifft/fft_ip_i/xfft_0/U0/i_synth/non_native_flt_non_ssr_fft.xfft_inst/non_floating_point.arch_d.xfft_inst/pe_gen[2].natural_order_input.PE/has_addr_gen.bf2_addr_gen/cnt/cnt_ce                                                                | ifft/fft_ip_i/xfft_0/U0/i_synth/non_native_flt_non_ssr_fft.xfft_inst/non_floating_point.arch_d.xfft_inst/pe_gen[2].pe_reset                                                           |                5 |             10 |         2.00 |
|  clk_IBUF_BUFG | ifft/fft_ip_i/xfft_0/U0/i_synth/non_native_flt_non_ssr_fft.xfft_inst/non_floating_point.arch_d.xfft_inst/pe_gen[2].natural_order_input.PE/has_addr_gen.tw_addr_gen/cnt/cnt_ce                                                                 | ifft/fft_ip_i/xfft_0/U0/i_synth/non_native_flt_non_ssr_fft.xfft_inst/non_floating_point.arch_d.xfft_inst/pe_gen[2].pe_reset                                                           |                4 |             10 |         2.50 |
|  clk_IBUF_BUFG | ifft/fft_ip_i/xfft_0/U0/i_synth/non_native_flt_non_ssr_fft.xfft_inst/non_floating_point.arch_d.xfft_inst/has_bit_reverse.no_cyclic_prefix_xk_counter.DOUT_CNT_CTRL_1/cnt/cnt_ce                                                               | ifft/fft_ip_i/xfft_0/U0/i_synth/axi_wrapper/sclr_w2c                                                                                                                                  |                4 |             10 |         2.50 |
|  clk_IBUF_BUFG |                                                                                                                                                                                                                                               | map/FSM_sequential_cstate[1]_i_1_n_0                                                                                                                                                  |                2 |             12 |         6.00 |
|  clk_IBUF_BUFG | ifft/fft_ip_i/xfft_0/U0/i_synth/non_native_flt_non_ssr_fft.xfft_inst/non_floating_point.arch_d.xfft_inst/pe_gen[0].natural_order_input.PE/has_ovflo_control.delay_ovflo_valid/overflow.ovflo_valid_ce                                         | ifft/fft_ip_i/xfft_0/U0/i_synth/non_native_flt_non_ssr_fft.xfft_inst/non_floating_point.arch_d.xfft_inst/pe_gen[0].natural_order_input.PE/overflow.OVFLO_CNT/overflow.ovflo_cnt_reset |                5 |             17 |         3.40 |
|  clk_IBUF_BUFG | ifft/fft_ip_i/xfft_0/U0/i_synth/non_native_flt_non_ssr_fft.xfft_inst/non_floating_point.arch_d.xfft_inst/pe_gen[1].natural_order_input.PE/has_ovflo_control.delay_ovflo_valid/overflow.ovflo_valid_ce                                         | ifft/fft_ip_i/xfft_0/U0/i_synth/non_native_flt_non_ssr_fft.xfft_inst/non_floating_point.arch_d.xfft_inst/pe_gen[1].natural_order_input.PE/overflow.OVFLO_CNT/overflow.ovflo_cnt_reset |                5 |             17 |         3.40 |
|  clk_IBUF_BUFG | ifft/fft_ip_i/xfft_0/U0/i_synth/non_native_flt_non_ssr_fft.xfft_inst/non_floating_point.arch_d.xfft_inst/pe_gen[2].natural_order_input.PE/has_ovflo_control.delay_ovflo_valid/overflow.ovflo_valid_ce                                         | ifft/fft_ip_i/xfft_0/U0/i_synth/non_native_flt_non_ssr_fft.xfft_inst/non_floating_point.arch_d.xfft_inst/pe_gen[2].natural_order_input.PE/overflow.OVFLO_CNT/overflow.ovflo_cnt_reset |                5 |             17 |         3.40 |
|  clk_IBUF_BUFG | ifft/fft_ip_i/xfft_0/U0/i_synth/non_native_flt_non_ssr_fft.xfft_inst/non_floating_point.arch_d.xfft_inst/pe_gen[3].natural_order_input.PE/no_addr_gen.fixed_bf2_start_delay.bf2_start_delay/has_ovflo_control.last_ovflo_start.ovflo_valid_ce | ifft/fft_ip_i/xfft_0/U0/i_synth/axi_wrapper/has_ovflo_control.last_ovflo_start.ovflo_valid_reset                                                                                      |                5 |             17 |         3.40 |
|  clk_IBUF_BUFG | ifft/fft_ip_i/xfft_0/U0/i_synth/axi_wrapper/ce_w2c                                                                                                                                                                                            | ifft/fft_ip_i/xfft_0/U0/i_synth/axi_wrapper/sclr_w2c                                                                                                                                  |               10 |             19 |         1.90 |
|  clk_IBUF_BUFG | ifft/fft_ip_i/xfft_0/U0/i_synth/axi_wrapper/gen_input_fifo_read_default.data_in_channel_fifo/gen_non_real_time.data_in_fifo_pt1/E[0]                                                                                                          | ifft/fft_ip_i/xfft_0/U0/i_synth/axi_wrapper/reset_pipe[1]                                                                                                                             |                5 |             30 |         6.00 |
|  clk_IBUF_BUFG | ifft/fft_ip_i/xfft_0/U0/i_synth/axi_wrapper/gen_input_fifo_read_default.data_in_channel_fifo/gen_non_real_time.data_in_fifo_pt1/wr_enable                                                                                                     |                                                                                                                                                                                       |                4 |             30 |         7.50 |
|  clk_IBUF_BUFG | ifft/fft_ip_i/xfft_0/U0/i_synth/axi_wrapper/gen_input_fifo_read_default.data_in_channel_fifo/gen_non_real_time.data_in_fifo_pt1/rd_valid_2_reg[0]                                                                                             | ifft/fft_ip_i/xfft_0/U0/i_synth/axi_wrapper/reset_pipe[1]                                                                                                                             |                6 |             30 |         5.00 |
|  clk_IBUF_BUFG | ifft/fft_ip_i/xfft_0/U0/i_synth/axi_wrapper/ce_w2c                                                                                                                                                                                            | ifft/fft_ip_i/xfft_0/U0/i_synth/axi_wrapper/SR[0]                                                                                                                                     |                5 |             32 |         6.40 |
|  clk_IBUF_BUFG | ifft/fft_ip_i/xfft_0/U0/i_synth/axi_wrapper/data_out_channel/data_out_fifo_write                                                                                                                                                              |                                                                                                                                                                                       |                5 |             34 |         6.80 |
|  clk_IBUF_BUFG |                                                                                                                                                                                                                                               | ifft/fft_ip_i/xfft_0/U0/i_synth/axi_wrapper/reset_pipe[1]                                                                                                                             |               11 |             38 |         3.45 |
|  clk_IBUF_BUFG |                                                                                                                                                                                                                                               |                                                                                                                                                                                       |               63 |            226 |         3.59 |
|  clk_IBUF_BUFG | ifft/fft_ip_i/xfft_0/U0/i_synth/axi_wrapper/ce_w2c                                                                                                                                                                                            |                                                                                                                                                                                       |              781 |           4558 |         5.84 |
+----------------+-----------------------------------------------------------------------------------------------------------------------------------------------------------------------------------------------------------------------------------------------+---------------------------------------------------------------------------------------------------------------------------------------------------------------------------------------+------------------+----------------+--------------+


