Time resolution is 1 ps
 Block Memory Generator module loading initial data...
 Block Memory Generator data initialization complete.
Block Memory Generator module tb_top.dut.map.u_sym1_rom.u_sym1.inst.native_mem_module.blk_mem_gen_v8_4_11_inst is using a behavioral model for simulation which will not precisely model memory collision behavior.
 Block Memory Generator module loading initial data...
 Block Memory Generator data initialization complete.
Block Memory Generator module tb_top.dut.map.u_sym2_rom.u_sym2.inst.native_mem_module.blk_mem_gen_v8_4_11_inst is using a behavioral model for simulation which will not precisely model memory collision behavior.
 Block Memory Generator module loading initial data...
 Block Memory Generator data initialization complete.
Block Memory Generator module tb_top.dut.map.u_msg_rom.u_msg1.inst.native_mem_module.blk_mem_gen_v8_4_11_inst is using a behavioral model for simulation which will not precisely model memory collision behavior.
Note:   - SCALING_SCH: in_ptr = 1, out_ptr = 1
Time: 0 ps  Iteration: 0  Process: /tb_top/dut/ifft/fft_ip_i/xfft_0/U0/i_synth/axi_wrapper/gen_config_fifo_in/line__94240  File: C:/Xilinx/2025.1/Vivado/data/ip/xilinx/xfft_v9_1/hdl/xfft_v9_1_vh_rfs.vhd
Note:     - C_CHANNELS  = 1
Time: 0 ps  Iteration: 0  Process: /tb_top/dut/ifft/fft_ip_i/xfft_0/U0/i_synth/axi_wrapper/gen_config_fifo_in/line__94240  File: C:/Xilinx/2025.1/Vivado/data/ip/xilinx/xfft_v9_1/hdl/xfft_v9_1_vh_rfs.vhd
Note:     - field_width = 8
Time: 0 ps  Iteration: 0  Process: /tb_top/dut/ifft/fft_ip_i/xfft_0/U0/i_synth/axi_wrapper/gen_config_fifo_in/line__94240  File: C:/Xilinx/2025.1/Vivado/data/ip/xilinx/xfft_v9_1/hdl/xfft_v9_1_vh_rfs.vhd
Note:   - Copying SCALE_SCH from 8 downto 1 to 8 downto 1
Time: 0 ps  Iteration: 0  Process: /tb_top/dut/ifft/fft_ip_i/xfft_0/U0/i_synth/axi_wrapper/gen_config_fifo_in/line__94240  File: C:/Xilinx/2025.1/Vivado/data/ip/xilinx/xfft_v9_1/hdl/xfft_v9_1_vh_rfs.vhd
Note:   - SCALING_SCH: in_ptr = 1, out_ptr = 1
Time: 0 ps  Iteration: 1  Process: /tb_top/dut/ifft/fft_ip_i/xfft_0/U0/i_synth/axi_wrapper/gen_config_fifo_in/line__94240  File: C:/Xilinx/2025.1/Vivado/data/ip/xilinx/xfft_v9_1/hdl/xfft_v9_1_vh_rfs.vhd
Note:     - C_CHANNELS  = 1
Time: 0 ps  Iteration: 1  Process: /tb_top/dut/ifft/fft_ip_i/xfft_0/U0/i_synth/axi_wrapper/gen_config_fifo_in/line__94240  File: C:/Xilinx/2025.1/Vivado/data/ip/xilinx/xfft_v9_1/hdl/xfft_v9_1_vh_rfs.vhd
Note:     - field_width = 8
Time: 0 ps  Iteration: 1  Process: /tb_top/dut/ifft/fft_ip_i/xfft_0/U0/i_synth/axi_wrapper/gen_config_fifo_in/line__94240  File: C:/Xilinx/2025.1/Vivado/data/ip/xilinx/xfft_v9_1/hdl/xfft_v9_1_vh_rfs.vhd
Note:   - Copying SCALE_SCH from 8 downto 1 to 8 downto 1
Time: 0 ps  Iteration: 1  Process: /tb_top/dut/ifft/fft_ip_i/xfft_0/U0/i_synth/axi_wrapper/gen_config_fifo_in/line__94240  File: C:/Xilinx/2025.1/Vivado/data/ip/xilinx/xfft_v9_1/hdl/xfft_v9_1_vh_rfs.vhd
0+0j
0+0j
0+0j
0+0j
0+0j
0+0j
0+0j
0+0j
0+0j
0+0j
0+0j
0+0j
0+0j
0+0j
0+0j
0+0j
0+0j
0+0j
0+0j
0+0j
0+0j
0+0j
0+0j
0+0j
0+0j
2896+0j
937+63934j
6204+55861j
517+6849j
5580+63159j
863+65189j
937+3049j
62016+63015j
6689+62175j
3381+3338j
3241+2958j
58187+1173j
815+1717j
5807+64387j
63301+3870j
64261+4256j
65148+64175j
60298+5644j
62245+2728j
2165+10229j
63660+60677j
2291+65475j
61046+3225j
4902+59401j
2168+1029j
1394+3000j
60835+3413j
1839+1485j
2881+58107j
57873+2598j
63596+56010j
62851+1607j
64812+2172j
2663+64124j
5206+63851j
3283+65127j
62042+59741j
410+1858j
57949+61089j
6579+64850j
58683+3971j
57321+3270j
5290+61737j
2186+64758j
8121+1713j
6873+62681j
7338+59147j
58685+3906j
212+4607j
61407+268j
63945+64894j
687+65101j
6546+64724j
62375+1040j
5987+6917j
65302+61572j
2339+61438j
63414+65300j
58176+61608j
3063+63638j
4206+2699j
1249+64333j
4368+63650j
60320+60004j
59744+10136j
913+61802j
4048+59481j
989+65261j
3048+60299j
4845+1385j
1337+3873j
60422+65407j
4571+64625j
585+8502j
63313+4280j
62429+64985j
63603+58801j
987+815j
1511+3226j
4515+1778j
4732+61105j
884+62644j
65337+65408j
4581+58721j
62032+63421j
1911+61709j
2958+60939j
60996+62385j
59448+2043j
2108+59904j
61559+64333j
6167+60519j
63889+2087j
4919+56954j
3284+58222j
62855+58785j
3620+64812j
62923+1668j
3354+60307j
61703+60999j
4750+63265j
64658+3992j
60033+5545j
56043+2444j
61129+6093j
6641+1958j
64468+1353j
57942+1780j
64325+63049j
63937+2309j
5562+59941j
2295+59704j
1236+60929j
6055+6588j
4341+62350j
60787+61441j
534+298j
63791+65424j
65401+6907j
3756+64454j
61325+1026j
148+1032j
4310+63166j
63283+65422j
352+62387j
4667+7547j
192+3142j
65338+2032j
2896+0j
937+63934j
6204+55861j
517+6849j
5580+63159j
863+65189j
937+3049j
62016+63015j
6689+62175j
3381+3338j
3241+2958j
58187+1173j
815+1717j
5807+64387j
63301+3870j
64261+4256j
65148+64175j
60298+5644j
62245+2728j
2165+10229j
63660+60677j
2291+65475j
61046+3225j
4902+59401j
2168+1029j
1394+3000j
60835+3413j
1839+1485j
2881+58107j
57873+2598j
63596+56010j
62851+1607j
64812+2172j
2663+64124j
5206+63851j
3283+65127j
62042+59741j
410+1858j
57949+61089j
6579+64850j
58683+3971j
57321+3270j
5290+61737j
2186+64758j
8121+1713j
6873+62681j
7338+59147j
58685+3906j
212+4607j
61407+268j
63945+64894j
687+65101j
6546+64724j
62375+1040j
5987+6917j
65302+61572j
2339+61438j
63414+65300j
58176+61608j
3063+63638j
4206+2699j
1249+64333j
4368+63650j
60320+60004j
59744+10136j
913+61802j
4048+59481j
989+65261j
3048+60299j
4845+1385j
1337+3873j
60422+65407j
4571+64625j
585+8502j
63313+4280j
62429+64985j
63603+58801j
987+815j
1511+3226j
4515+1778j
4732+61105j
884+62644j
65337+65408j
4581+58721j
62032+63421j
1911+61709j
2958+60939j
60996+62385j
59448+2043j
2108+59904j
61559+64333j
6167+60519j
63889+2087j
4919+56954j
3284+58222j
62855+58785j
3620+64812j
62923+1668j
3354+60307j
61703+60999j
4750+63265j
64658+3992j
60033+5545j
56043+2444j
61129+6093j
6641+1958j
64468+1353j
57942+1780j
64325+63049j
63937+2309j
5562+59941j
2295+59704j
1236+60929j
6055+6588j
4341+62350j
60787+61441j
534+298j
63791+65424j
65401+6907j
3756+64454j
61325+1026j
148+1032j
4310+63166j
63283+65422j
352+62387j
4667+7547j
192+3142j
65338+2032j
1024+512j
1423+63071j
61270+2127j
5078+59692j
5148+1879j
59853+55026j
57897+924j
1080+1105j
1106+62420j
1115+3021j
63895+63608j
63511+3220j
62233+17j
62912+5377j
2056+4871j
9922+64695j
64501+54j
63918+63560j
61522+1425j
62217+63265j
63461+60512j
1656+63829j
60222+4705j
2130+5338j
1407+1377j
53317+65521j
63226+60179j
59092+61482j
65085+2344j
61650+59783j
63575+60659j
670+1295j
60616+5694j
63441+784j
64637+62317j
64893+2592j
5359+3890j
64522+63535j
4419+5618j
358+63119j
63574+65116j
62441+60502j
65495+61139j
1682+4502j
924+5847j
1725+7932j
61981+1885j
1803+61704j
62106+64804j
61691+62606j
5779+2858j
55647+3387j
7738+7748j
1277+864j
1655+65149j
265+65248j
416+64167j
60776+2908j
1829+2046j
3228+2491j
7046+3118j
59946+65182j
60551+607j
61775+58794j
57856+62464j
3327+63747j
61028+64089j
2542+59960j
58722+1505j
1551+5896j
62047+63770j
4+62449j
62710+7304j
716+60552j
6321+58432j
64534+64751j
62001+61609j
965+58646j
2846+3029j
65086+61917j
65114+1169j
2949+56165j
64309+64488j
1346+4092j
616+3337j
344+65301j
2256+4759j
59179+63275j
64697+63629j
63079+7741j
60125+58778j
55180+60698j
4406+63875j
64073+61056j
63785+63369j
59410+2171j
3946+62914j
61478+64043j
63060+538j
3932+62697j
2715+59584j
63628+8869j
5345+63584j
59304+1123j
60724+1544j
2161+1512j
65364+63638j
4996+64456j
64595+2122j
62050+63373j
60076+58170j
2843+65382j
4981+63789j
60271+64616j
15+61882j
1742+62174j
9071+391j
64558+113j
4260+60916j
1949+10294j
64898+3551j
64086+1506j
751+7516j
58595+61804j
3948+1762j
349+63577j
59434+360j
4874+64661j
62464+60928j
63809+63997j
2034+63939j
64212+3698j
1804+2215j
63645+61986j
63653+65128j
65246+63775j
62652+2414j
64671+63211j
265+2670j
63489+9732j
3653+62605j
3492+52739j
2866+61745j
8200+9065j
62773+63308j
63774+1654j
63568+65177j
63235+4625j
64321+64602j
838+3275j
6930+61729j
272+3214j
1949+64371j
63073+59273j
1886+1637j
64644+60898j
58235+4508j
59594+9261j
60143+63007j
5398+3143j
5944+3522j
3295+2084j
65209+1339j
63143+58844j
6967+1598j
64784+3257j
7313+64872j
824+5029j
63044+56026j
3309+4374j
13385+64775j
5306+62870j
65184+60261j
5309+64506j
6665+227j
3143+65264j
5776+7000j
58575+63042j
64041+64460j
479+56801j
57388+65144j
4329+258j
2089+2337j
63897+56188j
720+61875j
318+57398j
54985+8022j
62886+2767j
5598+6510j
60804+59978j
64707+62229j
2017+3990j
1536+1024j
1417+60041j
2716+64565j
2908+7554j
5730+61965j
2187+3468j
4903+2638j
64430+5939j
64244+64126j
5674+64620j
2183+61670j
56378+60153j
533+113j
63763+63966j
4768+10135j
63008+61055j
63612+1005j
57759+1597j
25+1366j
63942+1962j
754+64413j
2310+63219j
64968+5207j
65295+4349j
3875+63735j
59519+59641j
1231+61518j
59672+63006j
58418+58077j
65439+58804j
62221+7357j
63818+61683j
3222+65086j
61810+62905j
64566+5558j
64380+7083j
55715+65164j
61574+63571j
127+63658j
4682+1789j
60218+64634j
57+65040j
65524+63812j
61304+64324j
59861+56778j
62448+2773j
60462+64426j
5723+61214j
64353+3671j
65303+328j
65501+1536j
4144+64470j
64091+2997j
1824+61949j
2780+63022j
2109+63030j
62742+879j
2248+60812j
3903+61696j
2063+63518j
2568+61014j
65097+2663j
61576+4868j
6966+4431j
1024+512j
1944+65271j
62690+59943j
63924+219j
741+60828j
59619+1491j
51367+407j
2021+2603j
64576+65528j
1544+2268j
59449+64003j
65066+3767j
64576+58885j
62341+146j
62933+62879j
55994+64307j
64686+1851j
61310+65110j
59951+62554j
3803+61584j
3914+3221j
63662+841j
4112+3733j
6900+6514j
1017+5128j
64213+58695j
63247+1295j
64814+913j
8550+62061j
1603+62640j
4621+1937j
60298+3587j
1122+59117j
679+64989j
62718+63596j
63750+1999j
64017+4902j
3875+63748j
64468+60812j
64228+1293j
61778+2538j
255+59203j
3329+65514j
61914+306j
62945+59272j
5567+61498j
64192+64511j
7047+60753j
4759+65216j
5504+3694j
57512+63497j
2414+7311j
6994+3059j
4189+1285j
62884+64744j
3983+2280j
64334+65418j
65529+9975j
1172+64065j
65058+4330j
61567+6394j
1119+64454j
4006+65207j
63776+62206j
62976+4096j
64877+8748j
61109+61976j
60276+64593j
8246+1443j
7917+3817j
611+65121j
64862+1646j
63032+60192j
57428+65240j
63560+60990j
64858+62877j
65154+4535j
2149+60440j
59795+1211j
2914+62983j
65246+5581j
65011+54547j
62311+63636j
63834+303j
63491+63698j
63604+65001j
5975+63240j
61598+63316j
2169+3604j
57273+63273j
64572+5368j
3869+6392j
973+55676j
3178+64615j
1828+61398j
528+64169j
62739+1898j
61571+7191j
64658+65164j
3346+61647j
8750+79j
58960+59801j
59562+64176j
3894+6211j
65376+4138j
65341+4857j
1745+64430j
60727+2837j
2295+63482j
709+2160j
56765+65068j
3750+4038j
60723+3752j
7127+61979j
63815+65150j
65135+1690j
5765+60690j
1620+64136j
4978+5516j
63253+60914j
60888+63938j
2598+422j
65119+1736j
4557+61759j
60096+245j
298+7623j
1641+65092j
1346+62310j
1024+56832j
2016+3001j
65480+5363j
60722+63541j
229+58146j
62341+60781j
4325+13j
1169+1701j
64732+48j
62650+64034j
4147+65131j
6988+7873j
2522+2475j
11727+40j
337+3275j
64160+54341j
63188+5017j
61606+184j
1051+64102j
61277+61428j
1448+3257j
1604+59627j
64546+59973j
512+5154j
65347+65414j
5025+62967j
2149+63683j
59066+4599j
3026+8051j
60377+5880j
3705+63375j
59138+5471j
57246+62739j
64653+62843j
834+64304j
57776+60529j
5669+64836j
61065+61020j
5788+296j
1482+687j
60742+6638j
55875+3595j
61909+11890j
360+57654j
4767+4638j
4597+1144j
828+63169j
1373+2765j
61325+1642j
4734+4162j
1710+64313j
54352+63855j
62894+3077j
65113+5759j
61858+1262j
1451+6168j
64098+64658j
59813+61053j
61866+10605j
62806+5840j
52741+5298j
899+3256j
65234+62385j
7222+3792j
512+2048j
155+63828j
2425+62810j
330+57111j
63944+287j
2111+2051j
957+5607j
60088+63194j
420+64792j
63218+1050j
57552+62712j
55776+1839j
2908+62257j
2871+2826j
53879+61575j
62356+2897j
1440+65375j
63161+4503j
61891+1444j
3138+63941j
64511+828j
63946+8451j
64247+63174j
65058+5904j
5443+61270j
4937+64233j
1548+63322j
5091+5740j
62007+6144j
62838+65145j
55442+1386j
2824+2521j
59117+1174j
58737+2681j
4222+59652j
6468+4689j
1652+60031j
2792+5403j
60914+64512j
1352+62217j
61712+926j
63593+3833j
2037+61122j
2551+407j
3025+8992j
55+2658j
61983+64528j
8990+63564j
63657+64558j
1603+1765j
791+64400j
95+64568j
63719+4834j
65182+596j
62640+64854j
65365+62518j
7040+63786j
2468+230j
311+64246j
2307+2211j
1600+1195j
1704+19j
4923+65436j
6236+61864j
63657+64558j
63657+64558j
63657+64558j
63657+64558j
63657+64558j
63657+64558j
63657+64558j
63657+64558j
63657+64558j
63657+64558j
63657+64558j
63657+64558j
63657+64558j
63657+64558j
63657+64558j
63657+64558j
63657+64558j
63657+64558j
63657+64558j
63657+64558j
63657+64558j
63657+64558j
63657+64558j
63657+64558j
63657+64558j
63657+64558j
63657+64558j
63657+64558j
63657+64558j
63657+64558j
63657+64558j
63657+64558j
63657+64558j
63657+64558j
63657+64558j
63657+64558j
63657+64558j
63657+64558j
63657+64558j
63657+64558j
63657+64558j
63657+64558j
63657+64558j
63657+64558j
63657+64558j
63657+64558j
63657+64558j
63657+64558j
63657+64558j
63657+64558j
63657+64558j
63657+64558j
63657+64558j
63657+64558j
63657+64558j
63657+64558j
63657+64558j
63657+64558j
63657+64558j
63657+64558j
63657+64558j
63657+64558j
63657+64558j
63657+64558j
63657+64558j
63657+64558j
63657+64558j
63657+64558j
63657+64558j
63657+64558j
63657+64558j
63657+64558j
63657+64558j
63657+64558j
63657+64558j
63657+64558j
63657+64558j
63657+64558j
63657+64558j
63657+64558j
63657+64558j
63657+64558j
63657+64558j
63657+64558j
63657+64558j
63657+64558j
63657+64558j
63657+64558j
63657+64558j
63657+64558j
63657+64558j
63657+64558j
63657+64558j
63657+64558j
63657+64558j
63657+64558j
63657+64558j
63657+64558j
63657+64558j
63657+64558j
63657+64558j
63657+64558j
63657+64558j
63657+64558j
63657+64558j
63657+64558j
63657+64558j
63657+64558j
63657+64558j
63657+64558j
63657+64558j
63657+64558j
63657+64558j
63657+64558j
63657+64558j
63657+64558j
63657+64558j
63657+64558j
63657+64558j
63657+64558j
63657+64558j
63657+64558j
63657+64558j
63657+64558j
63657+64558j
63657+64558j
63657+64558j
63657+64558j
63657+64558j
63657+64558j
63657+64558j
63657+64558j
63657+64558j
63657+64558j
63657+64558j
63657+64558j
63657+64558j
63657+64558j
63657+64558j
63657+64558j
63657+64558j
63657+64558j
63657+64558j
63657+64558j
63657+64558j
63657+64558j
63657+64558j
63657+64558j
63657+64558j
63657+64558j
63657+64558j
63657+64558j
63657+64558j
63657+64558j
63657+64558j
63657+64558j
63657+64558j
63657+64558j
63657+64558j
63657+64558j
63657+64558j
63657+64558j
63657+64558j
63657+64558j
63657+64558j
63657+64558j
63657+64558j
63657+64558j
63657+64558j
63657+64558j
63657+64558j
63657+64558j
63657+64558j
63657+64558j
63657+64558j
63657+64558j
63657+64558j
63657+64558j
63657+64558j
63657+64558j
63657+64558j
63657+64558j
63657+64558j
63657+64558j
63657+64558j
63657+64558j
63657+64558j
63657+64558j
63657+64558j
63657+64558j
63657+64558j
63657+64558j
63657+64558j
63657+64558j
63657+64558j
63657+64558j
63657+64558j
63657+64558j
63657+64558j
63657+64558j
63657+64558j
63657+64558j
63657+64558j
63657+64558j
63657+64558j
63657+64558j
63657+64558j
63657+64558j
63657+64558j
63657+64558j
63657+64558j
63657+64558j
63657+64558j
63657+64558j
63657+64558j
63657+64558j
63657+64558j
63657+64558j
63657+64558j
63657+64558j
63657+64558j
63657+64558j
63657+64558j
63657+64558j
63657+64558j
63657+64558j
63657+64558j
63657+64558j
63657+64558j
63657+64558j
63657+64558j
$finish called at time : 16465 ns : File "C:/Users/priya/MTTS-Signal-Processing-TS-LINK/ofdm_transmitter_hdl/ofdm_transmitter.srcs/sim_1/imports/new/tb_ofdm.sv" Line 77
